<html>
<body>
<pre>
<h1>µVision Build Log</h1>
<h2>Tool Versions:</h2>
IDE-Version: µVision V5.40.0.0
Copyright (C) 2024 ARM Ltd and ARM Germany GmbH. All rights reserved.
License Information: Thinh Lieu, HCMUTE, LIC=----
 
Tool Versions:
Toolchain:       MDK-Lite  Version: 5.40.0.3
Toolchain Path:  C:\Users\user\AppData\Local\Keil_v5\ARM\ARMCLANG\Bin
C Compiler:      ArmClang.exe V6.22
Assembler:       Armasm.exe V6.22
Linker/Locator:  ArmLink.exe V6.22
Library Manager: ArmAr.exe V6.22
Hex Converter:   FromElf.exe V6.22
CPU DLL:         SARMCM3.DLL V5.40.0.3
Dialog DLL:      DCM.DLL V1.17.5.0
Target DLL:      PEMicro\Pemicro_ArmCortexInterface.dll V1.3.0.0
Dialog DLL:      TCM.DLL V1.56.4.0
 
<h2>Project:</h2>
D:\Thuc Tap\MOCK\mock\mock.uvprojx
Project File Date:  08/22/2024

<h2>Output:</h2>
*** Using Compiler 'V6.22', folder: 'C:\Users\user\AppData\Local\Keil_v5\ARM\ARMCLANG\Bin'
Rebuild target 'Target 1'
Note: source file '.\src\port.c' - object file renamed from '.\Objects\port.o' to '.\Objects\port_1.o'.
compiling clock.c...
compiling port.c...
compiling gpio.c...
compiling systick.c...
compiling pcc.c...
compiling lpuart.c...
compiling main.c...
compiling nvic.c...
compiling RTC.c...
compiling i2c.c...
compiling startup.c...
compiling system_S32K144.c...
assembling startup_S32K144.S...
linking...
Program Size: Code=18444 RO-data=1648 RW-data=52 ZI-data=4840  
".\Objects\mock.axf" - 0 Error(s), 0 Warning(s).

<h2>Software Packages used:</h2>

Package Vendor: ARM
                https://www.keil.com/pack/ARM.CMSIS.6.1.0.pack
                ARM::CMSIS@6.1.0
                CMSIS (Common Microcontroller Software Interface Standard)
   * Component: CORE Version: 6.1.0

Package Vendor: Keil
                http://www.keil.com/pack/Keil.S32_SDK_DFP.1.5.0.pack
                Keil::S32_SDK_DFP@1.5.0
                NXP S32 SDK S32K14x Device Support
   * Component: Startup Version: 2.0.0

<h2>Collection of Component include folders:</h2>
  ./RTE/Device/S32K144HAxxxLHx
  ./RTE/_Target_1
  C:/Users/user/AppData/Local/Arm/Packs/ARM/CMSIS/6.1.0/CMSIS/Core/Include
  C:/Users/user/AppData/Local/Arm/Packs/Keil/S32_SDK_DFP/1.5.0/platform/devices
  C:/Users/user/AppData/Local/Arm/Packs/Keil/S32_SDK_DFP/1.5.0/platform/devices/common

<h2>Collection of Component Files used:</h2>

   * Component: ARM::CMSIS:CORE@6.1.0

   * Component: Keil::Device:Startup@2.0.0
      Include file:  platform/devices/device_registers.h
      Source file:   platform/devices/startup.c
      Source file:   platform/devices/S32K144/startup/armc/startup_S32K144.S
      Include file:  platform/devices/S32K144/startup/system_S32K144.h
      Source file:   platform/devices/S32K144/startup/system_S32K144.c
Build Time Elapsed:  00:00:01
</pre>
</body>
</html>
