Component: Arm Compiler for Embedded 6.22 Tool: armlink [5ee90200]

==============================================================================

Section Cross References

    main.o(.text.main) refers to main.o(.text.init_clock) for init_clock
    main.o(.text.main) refers to main.o(.text.init_pcc) for init_pcc
    main.o(.text.main) refers to main.o(.text.init_pinout) for init_pinout
    main.o(.text.main) refers to main.o(.text.init_lpuart) for init_lpuart
    main.o(.text.main) refers to main.o(.text.init_systick) for init_systick
    main.o(.text.main) refers to i2c.o(.text.init_LPI2C0) for init_LPI2C0
    main.o(.text.main) refers to rtc.o(.text.RTC_init) for RTC_init
    main.o(.text.main) refers to main.o(.text.init_nvic) for init_nvic
    main.o(.text.main) refers to i2c.o(.text.lcd_init) for lcd_init
    main.o(.text.main) refers to i2c.o(.text.lcd_clear) for lcd_clear
    main.o(.text.main) refers to i2c.o(.text.lcd_put_cur) for lcd_put_cur
    main.o(.text.main) refers to main.o(.text.init_flash) for init_flash
    main.o(.text.main) refers to main.o(.data.finger_mode) for finger_mode
    main.o(.text.main) refers to main.o(.text.import_finger_print) for import_finger_print
    main.o(.text.main) refers to main.o(.text.search_finger_print) for search_finger_print
    main.o(.text.main) refers to main.o(.text.handle_keytap) for handle_keytap
    main.o(.text.main) refers to systick.o(.text.delay) for delay
    main.o(.ARM.exidx.text.main) refers to main.o(.text.main) for [Anonymous Symbol]
    main.o(.text.LPUART2_RxTx_IRQHandler) refers to main.o(.bss.LPUART2_RxTx_IRQHandler.buffer_index) for LPUART2_RxTx_IRQHandler.buffer_index
    main.o(.text.LPUART2_RxTx_IRQHandler) refers to main.o(.bss.LPUART2_RxTx_IRQHandler.buffer) for LPUART2_RxTx_IRQHandler.buffer
    main.o(.text.LPUART2_RxTx_IRQHandler) refers to main.o(.rodata.LPUART2_RxTx_IRQHandler.header) for LPUART2_RxTx_IRQHandler.header
    main.o(.text.LPUART2_RxTx_IRQHandler) refers to memcmp.o(.text) for memcmp
    main.o(.text.LPUART2_RxTx_IRQHandler) refers to main.o(.bss.data_ack) for data_ack
    main.o(.text.LPUART2_RxTx_IRQHandler) refers to main.o(.bss.data_ack_index) for data_ack_index
    main.o(.ARM.exidx.text.LPUART2_RxTx_IRQHandler) refers to main.o(.text.LPUART2_RxTx_IRQHandler) for [Anonymous Symbol]
    main.o(.text.LPUART1_RxTx_IRQHandler) refers to main.o(.bss.IDStore) for IDStore
    main.o(.text.LPUART1_RxTx_IRQHandler) refers to main.o(.data.finger_mode) for finger_mode
    main.o(.ARM.exidx.text.LPUART1_RxTx_IRQHandler) refers to main.o(.text.LPUART1_RxTx_IRQHandler) for [Anonymous Symbol]
    main.o(.text.RTC_Seconds_IRQHandler) refers to main.o(.data.base_hour) for base_hour
    main.o(.text.RTC_Seconds_IRQHandler) refers to main.o(.data.base_minute) for base_minute
    main.o(.text.RTC_Seconds_IRQHandler) refers to main.o(.bss.base_second) for base_second
    main.o(.text.RTC_Seconds_IRQHandler) refers to main.o(.bss.totalSeconds) for totalSeconds
    main.o(.text.RTC_Seconds_IRQHandler) refers to main.o(.bss.second) for second
    main.o(.text.RTC_Seconds_IRQHandler) refers to main.o(.bss.totalMinutes) for totalMinutes
    main.o(.text.RTC_Seconds_IRQHandler) refers to main.o(.bss.minute) for minute
    main.o(.text.RTC_Seconds_IRQHandler) refers to main.o(.bss.totalHours) for totalHours
    main.o(.text.RTC_Seconds_IRQHandler) refers to main.o(.bss.hour) for hour
    main.o(.ARM.exidx.text.RTC_Seconds_IRQHandler) refers to main.o(.text.RTC_Seconds_IRQHandler) for [Anonymous Symbol]
    main.o(.text.display_time) refers to main.o(.bss.hour) for hour
    main.o(.text.display_time) refers to main.o(.bss.minute) for minute
    main.o(.text.display_time) refers to main.o(.bss.second) for second
    main.o(.text.display_time) refers to main.o(.rodata.str1.1) for .L.str
    main.o(.text.display_time) refers to snprintf.o(.text) for snprintf
    main.o(.text.display_time) refers to i2c.o(.text.lcd_clear_rtc) for lcd_clear_rtc
    main.o(.text.display_time) refers to i2c.o(.text.lcd_put_cur) for lcd_put_cur
    main.o(.text.display_time) refers to i2c.o(.text.lcd_send_string) for lcd_send_string
    main.o(.ARM.exidx.text.display_time) refers to main.o(.text.display_time) for [Anonymous Symbol]
    main.o(.text.init_clock) refers to clock.o(.text.SOSC_init_8MHz) for SOSC_init_8MHz
    main.o(.text.init_clock) refers to clock.o(.text.SPLL_init_160MHz) for SPLL_init_160MHz
    main.o(.text.init_clock) refers to clock.o(.text.NormalRUNmode_80MHz) for NormalRUNmode_80MHz
    main.o(.ARM.exidx.text.init_clock) refers to main.o(.text.init_clock) for [Anonymous Symbol]
    main.o(.text.init_nvic) refers to nvic.o(.text.NVIC_EnableIRQ) for NVIC_EnableIRQ
    main.o(.ARM.exidx.text.init_nvic) refers to main.o(.text.init_nvic) for [Anonymous Symbol]
    main.o(.text.init_pcc) refers to pcc.o(.text.PCC_EnableClock) for PCC_EnableClock
[...]
    [Anonymous Symbol]                       0x00004218   Section        0  main.o(.text.scan_row)
    [Anonymous Symbol]                       0x000042a8   Section        0  main.o(.text.search_finger_print)
    [Anonymous Symbol]                       0x00004488   Section        0  lpuart.o(.text.sendFPCreateCharFile1)
    [Anonymous Symbol]                       0x000044fc   Section        0  lpuart.o(.text.sendFPCreateCharFile2)
    [Anonymous Symbol]                       0x00004570   Section        0  lpuart.o(.text.sendFPCreateTemplate)
    [Anonymous Symbol]                       0x000045e4   Section        0  lpuart.o(.text.sendFPDeleteAllFinger)
    [Anonymous Symbol]                       0x00004658   Section        0  lpuart.o(.text.sendFPGetImage)
    [Anonymous Symbol]                       0x000046cc   Section        0  lpuart.o(.text.sendFPHeader)
    [Anonymous Symbol]                       0x0000470c   Section        0  lpuart.o(.text.sendFPSearchFinger)
    [Anonymous Symbol]                       0x000047c8   Section        0  i2c.o(.text.transmit_data)
    CL$$btod_d2e                             0x000047e0   Section       62  btod.o(CL$$btod_d2e)
    CL$$btod_d2e_denorm_low                  0x0000481e   Section       70  btod.o(CL$$btod_d2e_denorm_low)
    CL$$btod_d2e_norm_op1                    0x00004864   Section       96  btod.o(CL$$btod_d2e_norm_op1)
    CL$$btod_div_common                      0x000048c4   Section      824  btod.o(CL$$btod_div_common)
    CL$$btod_e2e                             0x00004bfc   Section      220  btod.o(CL$$btod_e2e)
    CL$$btod_ediv                            0x00004cd8   Section       42  btod.o(CL$$btod_ediv)
    CL$$btod_emul                            0x00004d02   Section       42  btod.o(CL$$btod_emul)
    CL$$btod_mult_common                     0x00004d2c   Section      580  btod.o(CL$$btod_mult_common)
    i.__ARM_fpclassify                       0x00004f70   Section        0  fpclassify.o(i.__ARM_fpclassify)
    i._is_digit                              0x00004fa0   Section        0  __printf_wp.o(i._is_digit)
    locale$$code                             0x00004fb0   Section       44  lc_numeric_c.o(locale$$code)
    locale$$code                             0x00004fdc   Section       44  lc_ctype_c.o(locale$$code)
    $v0                                      0x00005008   Number         0  fpinit.o(x$fpl$fpinit)
    x$fpl$fpinit                             0x00005008   Section       26  fpinit.o(x$fpl$fpinit)
    $v0                                      0x00005022   Number         0  printf1.o(x$fpl$printf1)
    x$fpl$printf1                            0x00005022   Section        4  printf1.o(x$fpl$printf1)
    $v0                                      0x00005026   Number         0  printf2.o(x$fpl$printf2)
    x$fpl$printf2                            0x00005026   Section        4  printf2.o(x$fpl$printf2)
    x$fpl$usenofp                            0x0000502a   Section        0  usenofp.o(x$fpl$usenofp)
    base_hour                                0x1fff8431   Data           1  main.o(.data.base_hour)
    [Anonymous Symbol]                       0x1fff8431   Section        0  main.o(.data.base_hour)
    base_minute                              0x1fff8432   Data           1  main.o(.data.base_minute)
    [Anonymous Symbol]                       0x1fff8432   Section        0  main.o(.data.base_minute)
    finger_mode                              0x1fff8433   Data           1  main.o(.data.finger_mode)
    [Anonymous Symbol]                       0x1fff8433   Section        0  main.o(.data.finger_mode)
    .bss                                     0x20000000   Section       96  libspace.o(.bss)
    IDStore                                  0x20000060   Data           1  main.o(.bss.IDStore)
    [Anonymous Symbol]                       0x20000060   Section        0  main.o(.bss.IDStore)
    LPUART2_RxTx_IRQHandler.buffer           0x20000061   Data          20  main.o(.bss.LPUART2_RxTx_IRQHandler.buffer)
    [Anonymous Symbol]                       0x20000061   Section        0  main.o(.bss.LPUART2_RxTx_IRQHandler.buffer)
    LPUART2_RxTx_IRQHandler.buffer_index     0x20000075   Data           1  main.o(.bss.LPUART2_RxTx_IRQHandler.buffer_index)
    [Anonymous Symbol]                       0x20000075   Section        0  main.o(.bss.LPUART2_RxTx_IRQHandler.buffer_index)
    MODE                                     0x20000076   Data           1  main.o(.bss.MODE)
    [Anonymous Symbol]                       0x20000076   Section        0  main.o(.bss.MODE)
    base_second                              0x20000077   Data           1  main.o(.bss.base_second)
    [Anonymous Symbol]                       0x20000077   Section        0  main.o(.bss.base_second)
    button_press_count                       0x20000078   Data           1  main.o(.bss.button_press_count)
    [Anonymous Symbol]                       0x20000078   Section        0  main.o(.bss.button_press_count)
    cursor_position                          0x20000079   Data           1  main.o(.bss.cursor_position)
    [Anonymous Symbol]                       0x20000079   Section        0  main.o(.bss.cursor_position)
    data_ack                                 0x2000007a   Data          16  main.o(.bss.data_ack)
    [Anonymous Symbol]                       0x2000007a   Section        0  main.o(.bss.data_ack)
    data_ack_index                           0x2000008a   Data           1  main.o(.bss.data_ack_index)
    [Anonymous Symbol]                       0x2000008a   Section        0  main.o(.bss.data_ack_index)
    error                                    0x2000008b   Data           1  i2c.o(.bss.error)
    [Anonymous Symbol]                       0x2000008b   Section        0  i2c.o(.bss.error)
    hour                                     0x2000008c   Data           4  main.o(.bss.hour)
    [Anonymous Symbol]                       0x2000008c   Section        0  main.o(.bss.hour)
    minute                                   0x20000090   Data           4  main.o(.bss.minute)
    [Anonymous Symbol]                       0x20000090   Section        0  main.o(.bss.minute)
    name_user                                0x20000094   Data        1600  main.o(.bss.name_user)
    [Anonymous Symbol]                       0x20000094   Section        0  main.o(.bss.name_user)
    second                                   0x200006d4   Data           4  main.o(.bss.second)
    [Anonymous Symbol]                       0x200006d4   Section        0  main.o(.bss.second)
    totalHours                               0x200006d8   Data           4  main.o(.bss.totalHours)
    [Anonymous Symbol]                       0x200006d8   Section        0  main.o(.bss.totalHours)
    totalMinutes                             0x200006dc   Data           4  main.o(.bss.totalMinutes)
    [Anonymous Symbol]                       0x200006dc   Section        0  main.o(.bss.totalMinutes)
    totalSeconds                             0x200006e0   Data           4  main.o(.bss.totalSeconds)
    [Anonymous Symbol]                       0x200006e0   Section        0  main.o(.bss.totalSeconds)

    Global Symbols

    Symbol Name                              Value     Ov Type        Size  Object(Section)

    BuildAttributes$$THM_ISAv4$E$P$D$K$B$S$7EM$VFPi3$EXTD16$VFPS$VFMA$PE$A:L22UL41UL21$X:L11$S22US41US21$IEEE1$IW$~IW$USESV6$~STKCKD$USESV7$~SHL$OTIME$ROPI$IEEEJ$EBA8$UX$STANDARDLIB$REQ8$PRES8$EABIv2 0x00000000   Number         0  anon$$obj.o ABSOLUTE
    Image$$RW_m_code$$Length                 0x00000000   Number         0  anon$$obj.o ABSOLUTE
    Image$$VECTOR_RAM$$Length                0x00000000   Number         0  anon$$obj.o ABSOLUTE
    Image$$VECTOR_ROM$$Base                  0x00000000   Number         0  anon$$obj.o ABSOLUTE
    __Vectors                                0x00000000   Data           4  startup_s32k144.o(RESET)
    _printf_flags                            0x00000000   Number         0  printf_stubs.o ABSOLUTE
    _printf_return_value                     0x00000000   Number         0  printf_stubs.o ABSOLUTE
    _printf_sizespec                         0x00000000   Number         0  printf_stubs.o ABSOLUTE
    _printf_widthprec                        0x00000000   Number         0  printf_stubs.o ABSOLUTE
    Image$$ZI$$Limit                          - Undefined Weak Reference
    __ARM_exceptions_init                     - Undefined Weak Reference
    __alloca_initialize                       - Undefined Weak Reference
    __arm_preinit_                            - Undefined Weak Reference
    __arm_relocate_pie_                       - Undefined Weak Reference
    __cpp_initialize__aeabi_                  - Undefined Weak Reference
    __cxa_finalize                            - Undefined Weak Reference
    __sigvec_lookup                           - Undefined Weak Reference
    _atexit_init                              - Undefined Weak Reference
    _call_atexit_fns                          - Undefined Weak Reference
    _clock_init                               - Undefined Weak Reference
    _fp_trap_init                             - Undefined Weak Reference
    _fp_trap_shutdown                         - Undefined Weak Reference
    _get_lc_collate                           - Undefined Weak Reference
    _get_lc_monetary                          - Undefined Weak Reference
    _get_lc_time                              - Undefined Weak Reference
    _getenv_init                              - Undefined Weak Reference
    _handle_redirection                       - Undefined Weak Reference
    _init_alloc                               - Undefined Weak Reference
    _init_user_alloc                          - Undefined Weak Reference
    _initio                                   - Undefined Weak Reference
    _printf_mbtowc                            - Undefined Weak Reference
    _printf_wc                                - Undefined Weak Reference
    _rand_init                                - Undefined Weak Reference
    _signal_finish                            - Undefined Weak Reference
    _signal_init                              - Undefined Weak Reference
    _terminate_alloc                          - Undefined Weak Reference
    _terminate_user_alloc                     - Undefined Weak Reference
    _terminateio                              - Undefined Weak Reference
    Image$$RW_m_data$$Length                 0x00000034   Number         0  anon$$obj.o ABSOLUTE
    Image$$VECTOR_ROM$$Length                0x00000230   Number         0  anon$$obj.o ABSOLUTE
    Image$$VECTOR_ROM$$Limit                 0x00000230   Number         0  anon$$obj.o ABSOLUTE
    Image$$ER_m_text_const$$Base             0x00000410   Number         0  anon$$obj.o ABSOLUTE
    __ctype                                  0x0000071d   Data           0  lc_ctype_c.o(locale$$data)
    Image$$ER_m_text_const$$Limit            0x00000820   Number         0  anon$$obj.o ABSOLUTE
    __main                                   0x00000821   Thumb Code     8  __main.o(!!!main)
    __scatterload                            0x00000829   Thumb Code     0  __scatter.o(!!!scatter)
    __scatterload_rt2                        0x00000829   Thumb Code    84  __scatter.o(!!!scatter)
    __scatterload_rt2_thumb_only             0x00000829   Thumb Code     0  __scatter.o(!!!scatter)
    __scatterload_loop                       0x00000833   Thumb Code     0  __scatter.o(!!!scatter)
    __scatterload_copy                       0x00000885   Thumb Code    26  __scatter_copy.o(!!handler_copy)
    __scatterload_null                       0x000008a1   Thumb Code     2  __scatter.o(!!handler_null)
    __scatterload_zeroinit                   0x000008a5   Thumb Code    28  __scatter_zi.o(!!handler_zi)
    _printf_n                                0x000008c1   Thumb Code     0  _printf_n.o(.ARM.Collect$$_printf_percent$$00000001)
    _printf_percent                          0x000008c1   Thumb Code     0  _printf_percent.o(.ARM.Collect$$_printf_percent$$00000000)
    _printf_p                                0x000008c7   Thumb Code     0  _printf_p.o(.ARM.Collect$$_printf_percent$$00000002)
    _printf_f                                0x000008cd   Thumb Code     0  _printf_f.o(.ARM.Collect$$_printf_percent$$00000003)
    _printf_e                                0x000008d3   Thumb Code     0  _printf_e.o(.ARM.Collect$$_printf_percent$$00000004)
    _printf_g                                0x000008d9   Thumb Code     0  _printf_g.o(.ARM.Collect$$_printf_percent$$00000005)
    _printf_a                                0x000008df   Thumb Code     0  _printf_a.o(.ARM.Collect$$_printf_percent$$00000006)
    _printf_ll                               0x000008e5   Thumb Code     0  _printf_ll.o(.ARM.Collect$$_printf_percent$$00000007)
    _printf_i                                0x000008ef   Thumb Code     0  _printf_i.o(.ARM.Collect$$_printf_percent$$00000008)
    _printf_d                                0x000008f5   Thumb Code     0  _printf_d.o(.ARM.Collect$$_printf_percent$$00000009)
    _printf_u                                0x000008fb   Thumb Code     0  _printf_u.o(.ARM.Collect$$_printf_percent$$0000000A)
    _printf_o                                0x00000901   Thumb Code     0  _printf_o.o(.ARM.Collect$$_printf_percent$$0000000B)
    _printf_x                                0x00000907   Thumb Code     0  _printf_x.o(.ARM.Collect$$_printf_percent$$0000000C)
    _printf_lli                              0x0000090d   Thumb Code     0  _printf_lli.o(.ARM.Collect$$_printf_percent$$0000000D)
    _printf_lld                              0x00000913   Thumb Code     0  _printf_lld.o(.ARM.Collect$$_printf_percent$$0000000E)
    _printf_llu                              0x00000919   Thumb Code     0  _printf_llu.o(.ARM.Collect$$_printf_percent$$0000000F)
    _printf_llo                              0x0000091f   Thumb Code     0  _printf_llo.o(.ARM.Collect$$_printf_percent$$00000010)
    _printf_llx                              0x00000925   Thumb Code     0  _printf_llx.o(.ARM.Collect$$_printf_percent$$00000011)
    _printf_l                                0x0000092b   Thumb Code     0  _printf_l.o(.ARM.Collect$$_printf_percent$$00000012)
    _printf_c                                0x00000935   Thumb Code     0  _printf_c.o(.ARM.Collect$$_printf_percent$$00000013)
    _printf_s                                0x0000093b   Thumb Code     0  _printf_s.o(.ARM.Collect$$_printf_percent$$00000014)
    _printf_lc                               0x00000941   Thumb Code     0  _printf_lc.o(.ARM.Collect$$_printf_percent$$00000015)
    _printf_ls                               0x00000947   Thumb Code     0  _printf_ls.o(.ARM.Collect$$_printf_percent$$00000016)
    _printf_percent_end                      0x0000094d   Thumb Code     0  _printf_percent_end.o(.ARM.Collect$$_printf_percent$$00000017)
    __rt_lib_init                            0x00000951   Thumb Code     0  libinit.o(.ARM.Collect$$libinit$$00000000)
    __rt_lib_init_fp_1                       0x00000953   Thumb Code     0  libinit2.o(.ARM.Collect$$libinit$$00000001)
    __rt_lib_init_heap_1                     0x00000957   Thumb Code     0  libinit2.o(.ARM.Collect$$libinit$$0000000C)
    __rt_lib_init_lc_common                  0x00000957   Thumb Code     0  libinit2.o(.ARM.Collect$$libinit$$00000011)
    __rt_lib_init_preinit_1                  0x00000957   Thumb Code     0  libinit2.o(.ARM.Collect$$libinit$$00000006)
    __rt_lib_init_rand_1                     0x00000957   Thumb Code     0  libinit2.o(.ARM.Collect$$libinit$$00000010)
    __rt_lib_init_relocate_pie_1             0x00000957   Thumb Code     0  libinit2.o(.ARM.Collect$$libinit$$00000004)
    __rt_lib_init_user_alloc_1               0x00000957   Thumb Code     0  libinit2.o(.ARM.Collect$$libinit$$0000000E)
    __rt_lib_init_lc_collate_1               0x0000095d   Thumb Code     0  libinit2.o(.ARM.Collect$$libinit$$00000013)
    __rt_lib_init_lc_ctype_2                 0x0000095d   Thumb Code     0  libinit2.o(.ARM.Collect$$libinit$$00000014)
    __rt_lib_init_lc_ctype_1                 0x00000969   Thumb Code     0  libinit2.o(.ARM.Collect$$libinit$$00000015)
    __rt_lib_init_lc_monetary_1              0x00000969   Thumb Code     0  libinit2.o(.ARM.Collect$$libinit$$00000017)
    __rt_lib_init_lc_numeric_2               0x00000969   Thumb Code     0  libinit2.o(.ARM.Collect$$libinit$$00000018)
    __rt_lib_init_alloca_1                   0x00000973   Thumb Code     0  libinit2.o(.ARM.Collect$$libinit$$00000030)
    __rt_lib_init_argv_1                     0x00000973   Thumb Code     0  libinit2.o(.ARM.Collect$$libinit$$0000002E)
    __rt_lib_init_atexit_1                   0x00000973   Thumb Code     0  libinit2.o(.ARM.Collect$$libinit$$0000001D)
    __rt_lib_init_clock_1                    0x00000973   Thumb Code     0  libinit2.o(.ARM.Collect$$libinit$$00000023)
    __rt_lib_init_cpp_1                      0x00000973   Thumb Code     0  libinit2.o(.ARM.Collect$$libinit$$00000034)
    __rt_lib_init_exceptions_1               0x00000973   Thumb Code     0  libinit2.o(.ARM.Collect$$libinit$$00000032)
    __rt_lib_init_fp_trap_1                  0x00000973   Thumb Code     0  libinit2.o(.ARM.Collect$$libinit$$00000021)
    __rt_lib_init_getenv_1                   0x00000973   Thumb Code     0  libinit2.o(.ARM.Collect$$libinit$$00000025)
    __rt_lib_init_lc_numeric_1               0x00000973   Thumb Code     0  libinit2.o(.ARM.Collect$$libinit$$00000019)
    __rt_lib_init_lc_time_1                  0x00000973   Thumb Code     0  libinit2.o(.ARM.Collect$$libinit$$0000001B)
    __rt_lib_init_return                     0x00000973   Thumb Code     0  libinit2.o(.ARM.Collect$$libinit$$00000035)
    __rt_lib_init_signal_1                   0x00000973   Thumb Code     0  libinit2.o(.ARM.Collect$$libinit$$0000001F)
    __rt_lib_init_stdio_1                    0x00000973   Thumb Code     0  libinit2.o(.ARM.Collect$$libinit$$00000027)
    __rt_lib_shutdown                        0x00000975   Thumb Code     0  libshutdown.o(.ARM.Collect$$libshutdown$$00000000)
    __rt_lib_shutdown_cpp_1                  0x00000977   Thumb Code     0  libshutdown2.o(.ARM.Collect$$libshutdown$$00000002)
    __rt_lib_shutdown_fp_trap_1              0x00000977   Thumb Code     0  libshutdown2.o(.ARM.Collect$$libshutdown$$00000007)
    __rt_lib_shutdown_heap_1                 0x00000977   Thumb Code     0  libshutdown2.o(.ARM.Collect$$libshutdown$$0000000F)
    __rt_lib_shutdown_return                 0x00000977   Thumb Code     0  libshutdown2.o(.ARM.Collect$$libshutdown$$00000010)
    __rt_lib_shutdown_signal_1               0x00000977   Thumb Code     0  libshutdown2.o(.ARM.Collect$$libshutdown$$0000000A)
    __rt_lib_shutdown_stdio_1                0x00000977   Thumb Code     0  libshutdown2.o(.ARM.Collect$$libshutdown$$00000004)
    __rt_lib_shutdown_user_alloc_1           0x00000977   Thumb Code     0  libshutdown2.o(.ARM.Collect$$libshutdown$$0000000C)
    __rt_entry                               0x00000979   Thumb Code     0  __rtentry.o(.ARM.Collect$$rtentry$$00000000)
    __rt_entry_presh_1                       0x00000979   Thumb Code     0  __rtentry2.o(.ARM.Collect$$rtentry$$00000002)
    __rt_entry_sh                            0x00000979   Thumb Code     0  __rtentry7.o(.ARM.Collect$$rtentry$$00000007)
    __rt_entry_li                            0x0000097d   Thumb Code     0  __rtentry2.o(.ARM.Collect$$rtentry$$0000000A)
    __rt_entry_postsh_1                      0x0000097d   Thumb Code     0  __rtentry2.o(.ARM.Collect$$rtentry$$00000009)
    __rt_entry_main                          0x00000981   Thumb Code     0  __rtentry2.o(.ARM.Collect$$rtentry$$0000000D)
    __rt_entry_postli_1                      0x00000981   Thumb Code     0  __rtentry2.o(.ARM.Collect$$rtentry$$0000000C)
    __rt_exit                                0x0000098d   Thumb Code     0  rtexit.o(.ARM.Collect$$rtexit$$00000000)
    __rt_exit_ls                             0x0000098f   Thumb Code     0  rtexit2.o(.ARM.Collect$$rtexit$$00000003)
    __rt_exit_prels_1                        0x0000098f   Thumb Code     0  rtexit2.o(.ARM.Collect$$rtexit$$00000002)
    __rt_exit_exit                           0x00000993   Thumb Code     0  rtexit2.o(.ARM.Collect$$rtexit$$00000004)
    __RAM_VECTOR_TABLE_SIZE                  0x00000998   Data           4  startup_s32k144.o(.text)
    __VECTOR_RAM                             0x0000099c   Data           4  startup_s32k144.o(.text)
    __VECTOR_ROM                             0x000009a0   Data           4  startup_s32k144.o(.text)
    __VECTOR_ROM_START                       0x000009a4   Data           4  startup_s32k144.o(.text)
    __VECTOR_ROM_END                         0x000009a8   Data           4  startup_s32k144.o(.text)
    __CODE_ROM                               0x000009ac   Data           4  startup_s32k144.o(.text)
    __CODE_END                               0x000009b0   Data           4  startup_s32k144.o(.text)
    __CODE_RAM                               0x000009b4   Data           4  startup_s32k144.o(.text)
    __CODE_RAM_START                         0x000009b8   Data           4  startup_s32k144.o(.text)
    __CODE_RAM_END                           0x000009bc   Data           4  startup_s32k144.o(.text)
    __BSS_START                              0x000009c0   Data           4  startup_s32k144.o(.text)
    __BSS_END                                0x000009c4   Data           4  startup_s32k144.o(.text)
    __DATA_RAM                               0x000009c8   Data           4  startup_s32k144.o(.text)
    __DATA_RAM_START                         0x000009cc   Data           4  startup_s32k144.o(.text)
    __DATA_RAM_END                           0x000009d0   Data           4  startup_s32k144.o(.text)
    __DATA_ROM                               0x000009d4   Data           4  startup_s32k144.o(.text)
    __DATA_END                               0x000009d8   Data           4  startup_s32k144.o(.text)
    __CUSTOM_SECTION_START                   0x000009dc   Data           4  startup_s32k144.o(.text)
    __CUSTOM_SECTION_END                     0x000009e0   Data           4  startup_s32k144.o(.text)
    __RAM_START                              0x000009e4   Data           4  startup_s32k144.o(.text)
    __RAM_END                                0x000009e8   Data           4  startup_s32k144.o(.text)
    Reset_Handler                            0x000009ed   Thumb Code    28  startup_s32k144.o(.text)
    NMI_Handler                              0x00000a09   Thumb Code     2  startup_s32k144.o(.text)
    HardFault_Handler                        0x00000a0b   Thumb Code     2  startup_s32k144.o(.text)
    MemManage_Handler                        0x00000a0d   Thumb Code     2  startup_s32k144.o(.text)
    BusFault_Handler                         0x00000a0f   Thumb Code     2  startup_s32k144.o(.text)
    UsageFault_Handler                       0x00000a11   Thumb Code     2  startup_s32k144.o(.text)
    SVC_Handler                              0x00000a13   Thumb Code     2  startup_s32k144.o(.text)
    DebugMon_Handler                         0x00000a15   Thumb Code     2  startup_s32k144.o(.text)
    PendSV_Handler                           0x00000a17   Thumb Code     2  startup_s32k144.o(.text)
    SysTick_Handler                          0x00000a19   Thumb Code     2  startup_s32k144.o(.text)
    DefaultISR                               0x00000a1b   Thumb Code     2  startup_s32k144.o(.text)
    ADC0_IRQHandler                          0x00000a1d   Thumb Code     0  startup_s32k144.o(.text)
    ADC1_IRQHandler                          0x00000a1d   Thumb Code     0  startup_s32k144.o(.text)
    CAN0_Error_IRQHandler                    0x00000a1d   Thumb Code     0  startup_s32k144.o(.text)
    CAN0_ORed_0_15_MB_IRQHandler             0x00000a1d   Thumb Code     0  startup_s32k144.o(.text)
    CAN0_ORed_16_31_MB_IRQHandler            0x00000a1d   Thumb Code     0  startup_s32k144.o(.text)
    CAN0_ORed_IRQHandler                     0x00000a1d   Thumb Code     0  startup_s32k144.o(.text)
    CAN0_Wake_Up_IRQHandler                  0x00000a1d   Thumb Code     0  startup_s32k144.o(.text)
    CAN1_Error_IRQHandler                    0x00000a1d   Thumb Code     0  startup_s32k144.o(.text)
    CAN1_ORed_0_15_MB_IRQHandler             0x00000a1d   Thumb Code     0  startup_s32k144.o(.text)
    CAN1_ORed_IRQHandler                     0x00000a1d   Thumb Code     0  startup_s32k144.o(.text)
    CAN2_Error_IRQHandler                    0x00000a1d   Thumb Code     0  startup_s32k144.o(.text)
    CAN2_ORed_0_15_MB_IRQHandler             0x00000a1d   Thumb Code     0  startup_s32k144.o(.text)
    CAN2_ORed_IRQHandler                     0x00000a1d   Thumb Code     0  startup_s32k144.o(.text)
    CMP0_IRQHandler                          0x00000a1d   Thumb Code     0  startup_s32k144.o(.text)
    DMA0_IRQHandler                          0x00000a1d   Thumb Code     0  startup_s32k144.o(.text)
    DMA10_IRQHandler                         0x00000a1d   Thumb Code     0  startup_s32k144.o(.text)
    DMA11_IRQHandler                         0x00000a1d   Thumb Code     0  startup_s32k144.o(.text)
    DMA12_IRQHandler                         0x00000a1d   Thumb Code     0  startup_s32k144.o(.text)
    DMA13_IRQHandler                         0x00000a1d   Thumb Code     0  startup_s32k144.o(.text)
    DMA14_IRQHandler                         0x00000a1d   Thumb Code     0  startup_s32k144.o(.text)
    DMA15_IRQHandler                         0x00000a1d   Thumb Code     0  startup_s32k144.o(.text)
    DMA1_IRQHandler                          0x00000a1d   Thumb Code     0  startup_s32k144.o(.text)
    DMA2_IRQHandler                          0x00000a1d   Thumb Code     0  startup_s32k144.o(.text)
    DMA3_IRQHandler                          0x00000a1d   Thumb Code     0  startup_s32k144.o(.text)
    DMA4_IRQHandler                          0x00000a1d   Thumb Code     0  startup_s32k144.o(.text)
    DMA5_IRQHandler                          0x00000a1d   Thumb Code     0  startup_s32k144.o(.text)
    DMA6_IRQHandler                          0x00000a1d   Thumb Code     0  startup_s32k144.o(.text)
    DMA7_IRQHandler                          0x00000a1d   Thumb Code     0  startup_s32k144.o(.text)
    DMA8_IRQHandler                          0x00000a1d   Thumb Code     0  startup_s32k144.o(.text)
    DMA9_IRQHandler                          0x00000a1d   Thumb Code     0  startup_s32k144.o(.text)
    DMA_Error_IRQHandler                     0x00000a1d   Thumb Code     0  startup_s32k144.o(.text)
    ERM_double_fault_IRQHandler              0x00000a1d   Thumb Code     0  startup_s32k144.o(.text)
    ERM_single_fault_IRQHandler              0x00000a1d   Thumb Code     0  startup_s32k144.o(.text)
    FLEXIO_IRQHandler                        0x00000a1d   Thumb Code     0  startup_s32k144.o(.text)
    FTFC_Fault_IRQHandler                    0x00000a1d   Thumb Code     0  startup_s32k144.o(.text)
    FTFC_IRQHandler                          0x00000a1d   Thumb Code     0  startup_s32k144.o(.text)
    FTM0_Ch0_Ch1_IRQHandler                  0x00000a1d   Thumb Code     0  startup_s32k144.o(.text)
    FTM0_Ch2_Ch3_IRQHandler                  0x00000a1d   Thumb Code     0  startup_s32k144.o(.text)
    FTM0_Ch4_Ch5_IRQHandler                  0x00000a1d   Thumb Code     0  startup_s32k144.o(.text)
    FTM0_Ch6_Ch7_IRQHandler                  0x00000a1d   Thumb Code     0  startup_s32k144.o(.text)
    FTM0_Fault_IRQHandler                    0x00000a1d   Thumb Code     0  startup_s32k144.o(.text)
    FTM0_Ovf_Reload_IRQHandler               0x00000a1d   Thumb Code     0  startup_s32k144.o(.text)
    FTM1_Ch0_Ch1_IRQHandler                  0x00000a1d   Thumb Code     0  startup_s32k144.o(.text)
    FTM1_Ch2_Ch3_IRQHandler                  0x00000a1d   Thumb Code     0  startup_s32k144.o(.text)
    FTM1_Ch4_Ch5_IRQHandler                  0x00000a1d   Thumb Code     0  startup_s32k144.o(.text)
    FTM1_Ch6_Ch7_IRQHandler                  0x00000a1d   Thumb Code     0  startup_s32k144.o(.text)
    FTM1_Fault_IRQHandler                    0x00000a1d   Thumb Code     0  startup_s32k144.o(.text)
    FTM1_Ovf_Reload_IRQHandler               0x00000a1d   Thumb Code     0  startup_s32k144.o(.text)
    FTM2_Ch0_Ch1_IRQHandler                  0x00000a1d   Thumb Code     0  startup_s32k144.o(.text)
    FTM2_Ch2_Ch3_IRQHandler                  0x00000a1d   Thumb Code     0  startup_s32k144.o(.text)
    FTM2_Ch4_Ch5_IRQHandler                  0x00000a1d   Thumb Code     0  startup_s32k144.o(.text)
    FTM2_Ch6_Ch7_IRQHandler                  0x00000a1d   Thumb Code     0  startup_s32k144.o(.text)
    FTM2_Fault_IRQHandler                    0x00000a1d   Thumb Code     0  startup_s32k144.o(.text)
    FTM2_Ovf_Reload_IRQHandler               0x00000a1d   Thumb Code     0  startup_s32k144.o(.text)
    FTM3_Ch0_Ch1_IRQHandler                  0x00000a1d   Thumb Code     0  startup_s32k144.o(.text)
    FTM3_Ch2_Ch3_IRQHandler                  0x00000a1d   Thumb Code     0  startup_s32k144.o(.text)
    FTM3_Ch4_Ch5_IRQHandler                  0x00000a1d   Thumb Code     0  startup_s32k144.o(.text)
    FTM3_Ch6_Ch7_IRQHandler                  0x00000a1d   Thumb Code     0  startup_s32k144.o(.text)
    FTM3_Fault_IRQHandler                    0x00000a1d   Thumb Code     0  startup_s32k144.o(.text)
    FTM3_Ovf_Reload_IRQHandler               0x00000a1d   Thumb Code     0  startup_s32k144.o(.text)
    LPI2C0_Master_IRQHandler                 0x00000a1d   Thumb Code     0  startup_s32k144.o(.text)
    LPI2C0_Slave_IRQHandler                  0x00000a1d   Thumb Code     0  startup_s32k144.o(.text)
    LPIT0_Ch0_IRQHandler                     0x00000a1d   Thumb Code     0  startup_s32k144.o(.text)
    LPIT0_Ch1_IRQHandler                     0x00000a1d   Thumb Code     0  startup_s32k144.o(.text)
    LPIT0_Ch2_IRQHandler                     0x00000a1d   Thumb Code     0  startup_s32k144.o(.text)
    LPIT0_Ch3_IRQHandler                     0x00000a1d   Thumb Code     0  startup_s32k144.o(.text)
    LPSPI0_IRQHandler                        0x00000a1d   Thumb Code     0  startup_s32k144.o(.text)
    LPSPI1_IRQHandler                        0x00000a1d   Thumb Code     0  startup_s32k144.o(.text)
    LPSPI2_IRQHandler                        0x00000a1d   Thumb Code     0  startup_s32k144.o(.text)
    LPTMR0_IRQHandler                        0x00000a1d   Thumb Code     0  startup_s32k144.o(.text)
    LPUART0_RxTx_IRQHandler                  0x00000a1d   Thumb Code     0  startup_s32k144.o(.text)
    LVD_LVW_IRQHandler                       0x00000a1d   Thumb Code     0  startup_s32k144.o(.text)
    MCM_IRQHandler                           0x00000a1d   Thumb Code     0  startup_s32k144.o(.text)
    PDB0_IRQHandler                          0x00000a1d   Thumb Code     0  startup_s32k144.o(.text)
    PDB1_IRQHandler                          0x00000a1d   Thumb Code     0  startup_s32k144.o(.text)
    PORTA_IRQHandler                         0x00000a1d   Thumb Code     0  startup_s32k144.o(.text)
    PORTB_IRQHandler                         0x00000a1d   Thumb Code     0  startup_s32k144.o(.text)
    PORTC_IRQHandler                         0x00000a1d   Thumb Code     0  startup_s32k144.o(.text)
    PORTD_IRQHandler                         0x00000a1d   Thumb Code     0  startup_s32k144.o(.text)
    PORTE_IRQHandler                         0x00000a1d   Thumb Code     0  startup_s32k144.o(.text)
    RCM_IRQHandler                           0x00000a1d   Thumb Code     0  startup_s32k144.o(.text)
    RTC_IRQHandler                           0x00000a1d   Thumb Code     0  startup_s32k144.o(.text)
    Read_Collision_IRQHandler                0x00000a1d   Thumb Code     0  startup_s32k144.o(.text)
    Reserved100_IRQHandler                   0x00000a1d   Thumb Code     0  startup_s32k144.o(.text)
    Reserved103_IRQHandler                   0x00000a1d   Thumb Code     0  startup_s32k144.o(.text)
    Reserved105_IRQHandler                   0x00000a1d   Thumb Code     0  startup_s32k144.o(.text)
    Reserved106_IRQHandler                   0x00000a1d   Thumb Code     0  startup_s32k144.o(.text)
    Reserved107_IRQHandler                   0x00000a1d   Thumb Code     0  startup_s32k144.o(.text)
    Reserved110_IRQHandler                   0x00000a1d   Thumb Code     0  startup_s32k144.o(.text)
    Reserved112_IRQHandler                   0x00000a1d   Thumb Code     0  startup_s32k144.o(.text)
    Reserved113_IRQHandler                   0x00000a1d   Thumb Code     0  startup_s32k144.o(.text)
    Reserved114_IRQHandler                   0x00000a1d   Thumb Code     0  startup_s32k144.o(.text)
    Reserved45_IRQHandler                    0x00000a1d   Thumb Code     0  startup_s32k144.o(.text)
    Reserved46_IRQHandler                    0x00000a1d   Thumb Code     0  startup_s32k144.o(.text)
    Reserved48_IRQHandler                    0x00000a1d   Thumb Code     0  startup_s32k144.o(.text)
    Reserved50_IRQHandler                    0x00000a1d   Thumb Code     0  startup_s32k144.o(.text)
    Reserved52_IRQHandler                    0x00000a1d   Thumb Code     0  startup_s32k144.o(.text)
    Reserved53_IRQHandler                    0x00000a1d   Thumb Code     0  startup_s32k144.o(.text)
    Reserved54_IRQHandler                    0x00000a1d   Thumb Code     0  startup_s32k144.o(.text)
    Reserved58_IRQHandler                    0x00000a1d   Thumb Code     0  startup_s32k144.o(.text)
    Reserved59_IRQHandler                    0x00000a1d   Thumb Code     0  startup_s32k144.o(.text)
    Reserved69_IRQHandler                    0x00000a1d   Thumb Code     0  startup_s32k144.o(.text)
    Reserved70_IRQHandler                    0x00000a1d   Thumb Code     0  startup_s32k144.o(.text)
    Reserved71_IRQHandler                    0x00000a1d   Thumb Code     0  startup_s32k144.o(.text)
    Reserved72_IRQHandler                    0x00000a1d   Thumb Code     0  startup_s32k144.o(.text)
    Reserved81_IRQHandler                    0x00000a1d   Thumb Code     0  startup_s32k144.o(.text)
    Reserved82_IRQHandler                    0x00000a1d   Thumb Code     0  startup_s32k144.o(.text)
    Reserved83_IRQHandler                    0x00000a1d   Thumb Code     0  startup_s32k144.o(.text)
    Reserved86_IRQHandler                    0x00000a1d   Thumb Code     0  startup_s32k144.o(.text)
    Reserved87_IRQHandler                    0x00000a1d   Thumb Code     0  startup_s32k144.o(.text)
    Reserved88_IRQHandler                    0x00000a1d   Thumb Code     0  startup_s32k144.o(.text)
    Reserved89_IRQHandler                    0x00000a1d   Thumb Code     0  startup_s32k144.o(.text)
    Reserved90_IRQHandler                    0x00000a1d   Thumb Code     0  startup_s32k144.o(.text)
    Reserved91_IRQHandler                    0x00000a1d   Thumb Code     0  startup_s32k144.o(.text)
    Reserved92_IRQHandler                    0x00000a1d   Thumb Code     0  startup_s32k144.o(.text)
    Reserved93_IRQHandler                    0x00000a1d   Thumb Code     0  startup_s32k144.o(.text)
    Reserved99_IRQHandler                    0x00000a1d   Thumb Code     0  startup_s32k144.o(.text)
    SCG_IRQHandler                           0x00000a1d   Thumb Code     0  startup_s32k144.o(.text)
    SWI_IRQHandler                           0x00000a1d   Thumb Code     0  startup_s32k144.o(.text)
    WDOG_EWM_IRQHandler                      0x00000a1d   Thumb Code     0  startup_s32k144.o(.text)
    snprintf                                 0x00000a35   Thumb Code    58  snprintf.o(.text)
    memcmp                                   0x00000a75   Thumb Code    88  memcmp.o(.text)
    _printf_pre_padding                      0x00000acd   Thumb Code    44  _printf_pad.o(.text)
    _printf_post_padding                     0x00000af9   Thumb Code    34  _printf_pad.o(.text)
    _printf_truncate_signed                  0x00000b1b   Thumb Code    18  _printf_truncate.o(.text)
    _printf_truncate_unsigned                0x00000b2d   Thumb Code    18  _printf_truncate.o(.text)
    _printf_str                              0x00000b3f   Thumb Code    82  _printf_str.o(.text)
    _printf_int_dec                          0x00000b91   Thumb Code   104  _printf_dec.o(.text)
    _printf_charcount                        0x00000c09   Thumb Code    40  _printf_charcount.o(.text)
    _printf_char_common                      0x00000c3b   Thumb Code    32  _printf_char_common.o(.text)
    _snputc                                  0x00000c61   Thumb Code    16  _snputc.o(.text)
    _printf_wctomb                           0x00000c71   Thumb Code   182  _printf_wctomb.o(.text)
    _printf_longlong_dec                     0x00000d2d   Thumb Code   108  _printf_longlong_dec.o(.text)
    _printf_longlong_oct                     0x00000da9   Thumb Code    68  _printf_oct_int_ll.o(.text)
    _printf_int_oct                          0x00000ded   Thumb Code    24  _printf_oct_int_ll.o(.text)
    _printf_ll_oct                           0x00000e05   Thumb Code    12  _printf_oct_int_ll.o(.text)
    _printf_longlong_hex                     0x00000e19   Thumb Code    86  _printf_hex_int_ll_ptr.o(.text)
    _printf_int_hex                          0x00000e6f   Thumb Code    28  _printf_hex_int_ll_ptr.o(.text)
    _printf_ll_hex                           0x00000e8b   Thumb Code    12  _printf_hex_int_ll_ptr.o(.text)
    _printf_hex_ptr                          0x00000e97   Thumb Code    18  _printf_hex_int_ll_ptr.o(.text)
    __printf                                 0x00000ead   Thumb Code   388  __printf_flags_ss_wp.o(.text)
    _ll_udiv10                               0x00001035   Thumb Code   138  lludiv10.o(.text)
    _printf_int_common                       0x000010bf   Thumb Code   178  _printf_intcommon.o(.text)
    _printf_fp_dec_real                      0x00001321   Thumb Code   620  _printf_fp_dec.o(.text)
    _printf_fp_hex_real                      0x0000158d   Thumb Code   756  _printf_fp_hex.o(.text)
    _printf_cs_common                        0x00001889   Thumb Code    20  _printf_char.o(.text)
    _printf_char                             0x0000189d   Thumb Code    16  _printf_char.o(.text)
    _printf_string                           0x000018ad   Thumb Code     8  _printf_char.o(.text)
    _printf_lcs_common                       0x000018b5   Thumb Code    20  _printf_wchar.o(.text)
    _printf_wchar                            0x000018c9   Thumb Code    16  _printf_wchar.o(.text)
    _printf_wstring                          0x000018d9   Thumb Code     8  _printf_wchar.o(.text)
    _c16rtomb                                0x000018e1   Thumb Code    72  _c16rtomb.o(.text)
    _wcrtomb                                 0x000018e1   Thumb Code     0  _c16rtomb.o(.text)
    __rt_ctype_table                         0x00001929   Thumb Code    16  rt_ctype_table.o(.text)
    __rt_locale                              0x00001939   Thumb Code     8  rt_locale_intlibspace.o(.text)
    _printf_fp_infnan                        0x00001941   Thumb Code   112  _printf_fp_infnan.o(.text)
    _btod_etento                             0x000019c1   Thumb Code   224  bigflt0.o(.text)
    exit                                     0x00001aa5   Thumb Code    18  exit.o(.text)
    strcmp                                   0x00001ab9   Thumb Code   124  strcmpv7em.o(.text)
    __I$use$semihosting                      0x00001b35   Thumb Code     0  use_no_semi.o(.text)
    __use_no_semihosting_swi                 0x00001b35   Thumb Code     2  use_no_semi.o(.text)
    __semihosting_library_function           0x00001b37   Thumb Code     0  indicate_semi.o(.text)
    _sys_exit                                0x00001b39   Thumb Code     8  sys_exit.o(.text)
    GPIO_ResetOutputPin                      0x00001b45   Thumb Code    30  gpio.o(.text.GPIO_ResetOutputPin)
    GPIO_SetOutputPin                        0x00001b65   Thumb Code    30  gpio.o(.text.GPIO_SetOutputPin)
    Gpio_Init                                0x00001b85   Thumb Code    70  gpio.o(.text.Gpio_Init)
    LPI2C0_write                             0x00001bcd   Thumb Code   110  i2c.o(.text.LPI2C0_write)
    LPUART1_RxTx_IRQHandler                  0x00001c3d   Thumb Code   104  main.o(.text.LPUART1_RxTx_IRQHandler)
    LPUART2_RxTx_IRQHandler                  0x00001ca5   Thumb Code   232  main.o(.text.LPUART2_RxTx_IRQHandler)
    LPUART_config_baud57600                  0x00001d8d   Thumb Code    62  lpuart.o(.text.LPUART_config_baud57600)
    LPUART_send_byte                         0x00001dcd   Thumb Code    40  lpuart.o(.text.LPUART_send_byte)
    LPUART_send_string                       0x00001df5   Thumb Code    48  lpuart.o(.text.LPUART_send_string)
    NVIC_EnableIRQ                           0x00001e25   Thumb Code    40  nvic.o(.text.NVIC_EnableIRQ)
    NormalRUNmode_80MHz                      0x00001e4d   Thumb Code    68  clock.o(.text.NormalRUNmode_80MHz)
    PCC_EnableClock                          0x00001e91   Thumb Code    18  pcc.o(.text.PCC_EnableClock)
    PCC_SetClockSource                       0x00001ea5   Thumb Code    28  pcc.o(.text.PCC_SetClockSource)
    Port_Init                                0x00001ec1   Thumb Code   122  port_1.o(.text.Port_Init)
    RTC_Seconds_IRQHandler                   0x00001f3d   Thumb Code   230  main.o(.text.RTC_Seconds_IRQHandler)
    RTC_init                                 0x00002025   Thumb Code   156  rtc.o(.text.RTC_init)
    SOSC_init_8MHz                           0x000020c1   Thumb Code   114  clock.o(.text.SOSC_init_8MHz)
    SPLL_init_160MHz                         0x00002135   Thumb Code   146  clock.o(.text.SPLL_init_160MHz)
    SendStoreFinger                          0x000021c9   Thumb Code   158  lpuart.o(.text.SendStoreFinger)
    SysTick_Disable                          0x00002269   Thumb Code    18  systick.o(.text.SysTick_Disable)
    SysTick_Init                             0x0000227d   Thumb Code    66  systick.o(.text.SysTick_Init)
    SystemInit                               0x000022c1   Thumb Code    82  system_s32k144.o(.text.SystemInit)
    bus_busy                                 0x00002315   Thumb Code   130  i2c.o(.text.bus_busy)
    check_but                                0x00002399   Thumb Code   122  main.o(.text.check_but)
    check_col                                0x00002415   Thumb Code   134  main.o(.text.check_col)
    configA2                                 0x0000249d   Thumb Code    28  main.o(.text.configA2)
    configA3                                 0x000024b9   Thumb Code    26  main.o(.text.configA3)
    configC6                                 0x000024d5   Thumb Code    28  main.o(.text.configC6)
    configC7                                 0x000024f1   Thumb Code    28  main.o(.text.configC7)
    configD1                                 0x0000250d   Thumb Code    48  main.o(.text.configD1)
    configD15                                0x0000253d   Thumb Code    50  main.o(.text.configD15)
    configD6                                 0x00002571   Thumb Code    28  main.o(.text.configD6)
    configD7                                 0x0000258d   Thumb Code    28  main.o(.text.configD7)
    config_PTC1                              0x000025a9   Thumb Code    50  main.o(.text.config_PTC1)
    config_PTC10                             0x000025dd   Thumb Code    50  main.o(.text.config_PTC10)
    config_PTC11                             0x00002611   Thumb Code    50  main.o(.text.config_PTC11)
    config_PTC15                             0x00002645   Thumb Code    50  main.o(.text.config_PTC15)
    config_PTC16                             0x00002679   Thumb Code    50  main.o(.text.config_PTC16)
    config_PTC2                              0x000026ad   Thumb Code    50  main.o(.text.config_PTC2)
    config_PTC8                              0x000026e1   Thumb Code    50  main.o(.text.config_PTC8)
    config_PTC9                              0x00002715   Thumb Code    50  main.o(.text.config_PTC9)
    delay                                    0x00002749   Thumb Code   140  systick.o(.text.delay)
    display_time                             0x000027d5   Thumb Code    82  main.o(.text.display_time)
    generate_start_ACK                       0x00002829   Thumb Code    28  i2c.o(.text.generate_start_ACK)
    generate_stop                            0x00002845   Thumb Code   196  i2c.o(.text.generate_stop)
    get_key                                  0x00002909   Thumb Code   106  main.o(.text.get_key)
    handle_keytap                            0x00002975   Thumb Code   216  main.o(.text.handle_keytap)
    import_finger_print                      0x00002a4d   Thumb Code   780  main.o(.text.import_finger_print)
    init_LPI2C0                              0x00002d59   Thumb Code   120  i2c.o(.text.init_LPI2C0)
    init_clock                               0x00002dd1   Thumb Code    34  main.o(.text.init_clock)
    init_data_bss                            0x00002df5   Thumb Code   160  startup.o(.text.init_data_bss)
    init_flash                               0x00002e95   Thumb Code    60  main.o(.text.init_flash)
    init_lpuart                              0x00002ed1   Thumb Code    92  main.o(.text.init_lpuart)
    init_nvic                                0x00002f2d   Thumb Code    22  main.o(.text.init_nvic)
    init_pcc                                 0x00002f45   Thumb Code   124  main.o(.text.init_pcc)
    init_pinout                              0x00002fc1   Thumb Code    68  main.o(.text.init_pinout)
    init_systick                             0x00003005   Thumb Code    28  main.o(.text.init_systick)
    keytap_character_mode                    0x00003021   Thumb Code  2792  main.o(.text.keytap_character_mode)
    keytap_number_mode                       0x00003b09   Thumb Code  1050  main.o(.text.keytap_number_mode)
    lcd_clear                                0x00003f25   Thumb Code    52  i2c.o(.text.lcd_clear)
    lcd_clear_rtc                            0x00003f59   Thumb Code    52  i2c.o(.text.lcd_clear_rtc)
    lcd_init                                 0x00003f8d   Thumb Code   148  i2c.o(.text.lcd_init)
    lcd_put_cur                              0x00004021   Thumb Code    72  i2c.o(.text.lcd_put_cur)
    lcd_send_cmd                             0x00004069   Thumb Code   122  i2c.o(.text.lcd_send_cmd)
    lcd_send_data                            0x000040e5   Thumb Code   122  i2c.o(.text.lcd_send_data)
    lcd_send_string                          0x00004161   Thumb Code    34  i2c.o(.text.lcd_send_string)
    main                                     0x00004185   Thumb Code   148  main.o(.text.main)
    scan_row                                 0x00004219   Thumb Code   142  main.o(.text.scan_row)
    search_finger_print                      0x000042a9   Thumb Code   480  main.o(.text.search_finger_print)
    sendFPCreateCharFile1                    0x00004489   Thumb Code   114  lpuart.o(.text.sendFPCreateCharFile1)
    sendFPCreateCharFile2                    0x000044fd   Thumb Code   114  lpuart.o(.text.sendFPCreateCharFile2)
    sendFPCreateTemplate                     0x00004571   Thumb Code   114  lpuart.o(.text.sendFPCreateTemplate)
    sendFPDeleteAllFinger                    0x000045e5   Thumb Code   114  lpuart.o(.text.sendFPDeleteAllFinger)
    sendFPGetImage                           0x00004659   Thumb Code   114  lpuart.o(.text.sendFPGetImage)
    sendFPHeader                             0x000046cd   Thumb Code    62  lpuart.o(.text.sendFPHeader)
    sendFPSearchFinger                       0x0000470d   Thumb Code   186  lpuart.o(.text.sendFPSearchFinger)
    transmit_data                            0x000047c9   Thumb Code    24  i2c.o(.text.transmit_data)
    _btod_d2e                                0x000047e1   Thumb Code    62  btod.o(CL$$btod_d2e)
    _d2e_denorm_low                          0x0000481f   Thumb Code    70  btod.o(CL$$btod_d2e_denorm_low)
    _d2e_norm_op1                            0x00004865   Thumb Code    96  btod.o(CL$$btod_d2e_norm_op1)
    __btod_div_common                        0x000048c5   Thumb Code   696  btod.o(CL$$btod_div_common)
    _e2e                                     0x00004bfd   Thumb Code   220  btod.o(CL$$btod_e2e)
    _btod_ediv                               0x00004cd9   Thumb Code    42  btod.o(CL$$btod_ediv)
    _btod_emul                               0x00004d03   Thumb Code    42  btod.o(CL$$btod_emul)
    __btod_mult_common                       0x00004d2d   Thumb Code   580  btod.o(CL$$btod_mult_common)
    __ARM_fpclassify                         0x00004f71   Thumb Code    48  fpclassify.o(i.__ARM_fpclassify)
    _is_digit                                0x00004fa1   Thumb Code    14  __printf_wp.o(i._is_digit)
    _get_lc_numeric                          0x00004fb1   Thumb Code    44  lc_numeric_c.o(locale$$code)
    _get_lc_ctype                            0x00004fdd   Thumb Code    44  lc_ctype_c.o(locale$$code)
    _fp_init                                 0x00005009   Thumb Code    26  fpinit.o(x$fpl$fpinit)
    __fplib_config_fpu_vfp                   0x00005021   Thumb Code     0  fpinit.o(x$fpl$fpinit)
    __fplib_config_pureend_doubles           0x00005021   Thumb Code     0  fpinit.o(x$fpl$fpinit)
    _printf_fp_dec                           0x00005023   Thumb Code     4  printf1.o(x$fpl$printf1)
    _printf_fp_hex                           0x00005027   Thumb Code     4  printf2.o(x$fpl$printf2)
    __I$use$fp                               0x0000502a   Number         0  usenofp.o(x$fpl$usenofp)
    Region$$Table$$Base                      0x0000502c   Number         0  anon$$obj.o(Region$$Table)
    Image$$ER_m_text$$Limit                  0x0000504c   Number         0  anon$$obj.o ABSOLUTE
    Region$$Table$$Limit                     0x0000504c   Number         0  anon$$obj.o(Region$$Table)
    Image$$VECTOR_RAM$$Base                  0x1fff8000   Number         0  anon$$obj.o ABSOLUTE
    FPCreateCharFile1                        0x1fff8400   Data           7  lpuart.o(.data.FPCreateCharFile1)
    Image$$RW_m_data$$Base                   0x1fff8400   Number         0  anon$$obj.o ABSOLUTE
    FPCreateCharFile2                        0x1fff8407   Data           7  lpuart.o(.data.FPCreateCharFile2)
    FPCreateTemplate                         0x1fff840e   Data           6  lpuart.o(.data.FPCreateTemplate)
    FPDeleteAllFinger                        0x1fff8414   Data           6  lpuart.o(.data.FPDeleteAllFinger)
    FPGetImage                               0x1fff841a   Data           6  lpuart.o(.data.FPGetImage)
    FPHeader                                 0x1fff8420   Data           6  lpuart.o(.data.FPHeader)
    FPSearchFinger                           0x1fff8426   Data          11  lpuart.o(.data.FPSearchFinger)
    Image$$RW_m_code$$Base                   0x1fff8434   Number         0  anon$$obj.o ABSOLUTE
    Image$$RW_m_code$$Limit                  0x1fff8434   Number         0  anon$$obj.o ABSOLUTE
    Image$$RW_m_data$$Limit                  0x1fff8434   Number         0  anon$$obj.o ABSOLUTE
    Image$$RW_m_custom_section$$Base         0x20000000   Number         0  anon$$obj.o ABSOLUTE
    Image$$RW_m_custom_section$$Limit        0x20000000   Number         0  anon$$obj.o ABSOLUTE
    Image$$RW_m_data_2$$ZI$$Base             0x20000000   Number         0  anon$$obj.o ABSOLUTE
    __libspace_start                         0x20000000   Data          96  libspace.o(.bss)
    __temporary_stack_top$libspace           0x20000060   Data           0  libspace.o(.bss)
    value                                    0x200006e4   Data           1  main.o(.bss.value)
    Image$$ARM_LIB_HEAP$$ZI$$Base            0x200006e8   Number         0  anon$$obj.o ABSOLUTE
    Image$$RW_m_data_2$$ZI$$Limit            0x200006e8   Number         0  anon$$obj.o ABSOLUTE
    Image$$ARM_LIB_HEAP$$ZI$$Limit           0x20000ae8   Number         0  anon$$obj.o ABSOLUTE
    Image$$ARM_LIB_STACK$$Limit              0x20006c00   Number         0  anon$$obj.o ABSOLUTE
    Image$$ARM_LIB_STACK$$ZI$$Limit          0x20007000   Number         0  anon$$obj.o ABSOLUTE



==============================================================================

Memory Map of the image

  Image Entry point : 0x00000821

  Load Region LR_m_text (Base: 0x00000000, Size: 0x00005080, Max: 0x00080000, ABSOLUTE)

    Execution Region VECTOR_ROM (Exec base: 0x00000000, Load base: 0x00000000, Size: 0x00000230, Max: 0x00000400, ABSOLUTE)

    Exec Addr    Load Addr    Size         Type   Attr      Idx    E Section Name        Object

    0x00000000   0x00000000   0x00000230   Data   RO          325    RESET               startup_s32k144.o


    Execution Region ER_m_flash_config (Exec base: 0x00000400, Load base: 0x00000400, Size: 0x00000010, Max: 0x00000010, ABSOLUTE, FIXED)

    Exec Addr    Load Addr    Size         Type   Attr      Idx    E Section Name        Object

    0x00000400   0x00000400   0x00000010   Data   RO          326    FlashConfig         startup_s32k144.o


    Execution Region ER_m_text_const (Exec base: 0x00000410, Load base: 0x00000410, Size: 0x00000410, Max: 0xffffffff, ABSOLUTE)

    Exec Addr    Load Addr    Size         Type   Attr      Idx    E Section Name        Object

    0x00000410   0x00000410   0x00000008   Data   RO          373    .constdata          c_w.l(_printf_wctomb.o)
    0x00000418   0x00000418   0x00000028   Data   RO          402    .constdata          c_w.l(_printf_hex_int_ll_ptr.o)
    0x00000440   0x00000440   0x00000011   Data   RO          422    .constdata          c_w.l(__printf_flags_ss_wp.o)
    0x00000451   0x00000451   0x00000026   Data   RO          484    .constdata          c_w.l(_printf_fp_hex.o)
    0x00000477   0x00000477   0x00000001   PAD
    0x00000478   0x00000478   0x00000094   Data   RO          507    .constdata          c_w.l(bigflt0.o)
    0x0000050c   0x0000050c   0x00000006   Data   RO           83    .rodata.LPUART2_RxTx_IRQHandler.header  main.o
    0x00000512   0x00000512   0x00000002   PAD
    0x00000514   0x00000514   0x00000004   Data   RO          318    .rodata.s_vectors   startup.o
    0x00000518   0x00000518   0x000001da   Data   RO           96    .rodata.str1.1      main.o
    0x000006f2   0x000006f2   0x00000002   PAD
    0x000006f4   0x000006f4   0x0000001c   Data   RO          533    locale$$data        c_w.l(lc_numeric_c.o)
    0x00000710   0x00000710   0x00000110   Data   RO          560    locale$$data        c_w.l(lc_ctype_c.o)


    Execution Region ER_m_text (Exec base: 0x00000820, Load base: 0x00000820, Size: 0x0000482c, Max: 0x0007fbf0, ABSOLUTE)

    Exec Addr    Load Addr    Size         Type   Attr      Idx    E Section Name        Object

    0x00000820   0x00000820   0x00000008   Code   RO          353  * !!!main             c_w.l(__main.o)
    0x00000828   0x00000828   0x0000005c   Code   RO          703    !!!scatter          c_w.l(__scatter.o)
    0x00000884   0x00000884   0x0000001a   Code   RO          707    !!handler_copy      c_w.l(__scatter_copy.o)
    0x0000089e   0x0000089e   0x00000002   PAD
    0x000008a0   0x000008a0   0x00000002   Code   RO          704    !!handler_null      c_w.l(__scatter.o)
    0x000008a2   0x000008a2   0x00000002   PAD
    0x000008a4   0x000008a4   0x0000001c   Code   RO          709    !!handler_zi        c_w.l(__scatter_zi.o)
    0x000008c0   0x000008c0   0x00000000   Code   RO          437    .ARM.Collect$$_printf_percent$$00000000  c_w.l(_printf_percent.o)
    0x000008c0   0x000008c0   0x00000006   Code   RO          426    .ARM.Collect$$_printf_percent$$00000001  c_w.l(_printf_n.o)
    0x000008c6   0x000008c6   0x00000006   Code   RO          428    .ARM.Collect$$_printf_percent$$00000002  c_w.l(_printf_p.o)
    0x000008cc   0x000008cc   0x00000006   Code   RO          433    .ARM.Collect$$_printf_percent$$00000003  c_w.l(_printf_f.o)
    0x000008d2   0x000008d2   0x00000006   Code   RO          434    .ARM.Collect$$_printf_percent$$00000004  c_w.l(_printf_e.o)
    0x000008d8   0x000008d8   0x00000006   Code   RO          435    .ARM.Collect$$_printf_percent$$00000005  c_w.l(_printf_g.o)
    0x000008de   0x000008de   0x00000006   Code   RO          436    .ARM.Collect$$_printf_percent$$00000006  c_w.l(_printf_a.o)
    0x000008e4   0x000008e4   0x0000000a   Code   RO          441    .ARM.Collect$$_printf_percent$$00000007  c_w.l(_printf_ll.o)
    0x000008ee   0x000008ee   0x00000006   Code   RO          430    .ARM.Collect$$_printf_percent$$00000008  c_w.l(_printf_i.o)
    0x000008f4   0x000008f4   0x00000006   Code   RO          431    .ARM.Collect$$_printf_percent$$00000009  c_w.l(_printf_d.o)
    0x000008fa   0x000008fa   0x00000006   Code   RO          432    .ARM.Collect$$_printf_percent$$0000000A  c_w.l(_printf_u.o)
    0x00000900   0x00000900   0x00000006   Code   RO          429    .ARM.Collect$$_printf_percent$$0000000B  c_w.l(_printf_o.o)
    0x00000906   0x00000906   0x00000006   Code   RO          427    .ARM.Collect$$_printf_percent$$0000000C  c_w.l(_printf_x.o)
    0x0000090c   0x0000090c   0x00000006   Code   RO          438    .ARM.Collect$$_printf_percent$$0000000D  c_w.l(_printf_lli.o)
    0x00000912   0x00000912   0x00000006   Code   RO          439    .ARM.Collect$$_printf_percent$$0000000E  c_w.l(_printf_lld.o)
    0x00000918   0x00000918   0x00000006   Code   RO          440    .ARM.Collect$$_printf_percent$$0000000F  c_w.l(_printf_llu.o)
    0x0000091e   0x0000091e   0x00000006   Code   RO          445    .ARM.Collect$$_printf_percent$$00000010  c_w.l(_printf_llo.o)
    0x00000924   0x00000924   0x00000006   Code   RO          446    .ARM.Collect$$_printf_percent$$00000011  c_w.l(_printf_llx.o)
    0x0000092a   0x0000092a   0x0000000a   Code   RO          442    .ARM.Collect$$_printf_percent$$00000012  c_w.l(_printf_l.o)
    0x00000934   0x00000934   0x00000006   Code   RO          424    .ARM.Collect$$_printf_percent$$00000013  c_w.l(_printf_c.o)
    0x0000093a   0x0000093a   0x00000006   Code   RO          425    .ARM.Collect$$_printf_percent$$00000014  c_w.l(_printf_s.o)
    0x00000940   0x00000940   0x00000006   Code   RO          443    .ARM.Collect$$_printf_percent$$00000015  c_w.l(_printf_lc.o)
    0x00000946   0x00000946   0x00000006   Code   RO          444    .ARM.Collect$$_printf_percent$$00000016  c_w.l(_printf_ls.o)
    0x0000094c   0x0000094c   0x00000004   Code   RO          492    .ARM.Collect$$_printf_percent$$00000017  c_w.l(_printf_percent_end.o)
    0x00000950   0x00000950   0x00000002   Code   RO          543    .ARM.Collect$$libinit$$00000000  c_w.l(libinit.o)
    0x00000952   0x00000952   0x00000004   Code   RO          565    .ARM.Collect$$libinit$$00000001  c_w.l(libinit2.o)
    0x00000956   0x00000956   0x00000000   Code   RO          568    .ARM.Collect$$libinit$$00000004  c_w.l(libinit2.o)
    0x00000956   0x00000956   0x00000000   Code   RO          570    .ARM.Collect$$libinit$$00000006  c_w.l(libinit2.o)
    0x00000956   0x00000956   0x00000000   Code   RO          573    .ARM.Collect$$libinit$$0000000C  c_w.l(libinit2.o)
    0x00000956   0x00000956   0x00000000   Code   RO          575    .ARM.Collect$$libinit$$0000000E  c_w.l(libinit2.o)
    0x00000956   0x00000956   0x00000000   Code   RO          577    .ARM.Collect$$libinit$$00000010  c_w.l(libinit2.o)
    0x00000956   0x00000956   0x00000006   Code   RO          578    .ARM.Collect$$libinit$$00000011  c_w.l(libinit2.o)
    0x0000095c   0x0000095c   0x00000000   Code   RO          580    .ARM.Collect$$libinit$$00000013  c_w.l(libinit2.o)
    0x0000095c   0x0000095c   0x0000000c   Code   RO          581    .ARM.Collect$$libinit$$00000014  c_w.l(libinit2.o)
    0x00000968   0x00000968   0x00000000   Code   RO          582    .ARM.Collect$$libinit$$00000015  c_w.l(libinit2.o)
    0x00000968   0x00000968   0x00000000   Code   RO          584    .ARM.Collect$$libinit$$00000017  c_w.l(libinit2.o)
    0x00000968   0x00000968   0x0000000a   Code   RO          585    .ARM.Collect$$libinit$$00000018  c_w.l(libinit2.o)
    0x00000972   0x00000972   0x00000000   Code   RO          586    .ARM.Collect$$libinit$$00000019  c_w.l(libinit2.o)
    0x00000972   0x00000972   0x00000000   Code   RO          588    .ARM.Collect$$libinit$$0000001B  c_w.l(libinit2.o)
    0x00000972   0x00000972   0x00000000   Code   RO          590    .ARM.Collect$$libinit$$0000001D  c_w.l(libinit2.o)
    0x00000972   0x00000972   0x00000000   Code   RO          592    .ARM.Collect$$libinit$$0000001F  c_w.l(libinit2.o)
    0x00000972   0x00000972   0x00000000   Code   RO          594    .ARM.Collect$$libinit$$00000021  c_w.l(libinit2.o)
    0x00000972   0x00000972   0x00000000   Code   RO          596    .ARM.Collect$$libinit$$00000023  c_w.l(libinit2.o)
    0x00000972   0x00000972   0x00000000   Code   RO          598    .ARM.Collect$$libinit$$00000025  c_w.l(libinit2.o)
    0x00000972   0x00000972   0x00000000   Code   RO          600    .ARM.Collect$$libinit$$00000027  c_w.l(libinit2.o)
    0x00000972   0x00000972   0x00000000   Code   RO          604    .ARM.Collect$$libinit$$0000002E  c_w.l(libinit2.o)
    0x00000972   0x00000972   0x00000000   Code   RO          606    .ARM.Collect$$libinit$$00000030  c_w.l(libinit2.o)
    0x00000972   0x00000972   0x00000000   Code   RO          608    .ARM.Collect$$libinit$$00000032  c_w.l(libinit2.o)
    0x00000972   0x00000972   0x00000000   Code   RO          610    .ARM.Collect$$libinit$$00000034  c_w.l(libinit2.o)
    0x00000972   0x00000972   0x00000002   Code   RO          611    .ARM.Collect$$libinit$$00000035  c_w.l(libinit2.o)
    0x00000974   0x00000974   0x00000002   Code   RO          642    .ARM.Collect$$libshutdown$$00000000  c_w.l(libshutdown.o)
    0x00000976   0x00000976   0x00000000   Code   RO          654    .ARM.Collect$$libshutdown$$00000002  c_w.l(libshutdown2.o)
    0x00000976   0x00000976   0x00000000   Code   RO          656    .ARM.Collect$$libshutdown$$00000004  c_w.l(libshutdown2.o)
    0x00000976   0x00000976   0x00000000   Code   RO          659    .ARM.Collect$$libshutdown$$00000007  c_w.l(libshutdown2.o)
    0x00000976   0x00000976   0x00000000   Code   RO          662    .ARM.Collect$$libshutdown$$0000000A  c_w.l(libshutdown2.o)
    0x00000976   0x00000976   0x00000000   Code   RO          664    .ARM.Collect$$libshutdown$$0000000C  c_w.l(libshutdown2.o)
    0x00000976   0x00000976   0x00000000   Code   RO          667    .ARM.Collect$$libshutdown$$0000000F  c_w.l(libshutdown2.o)
    0x00000976   0x00000976   0x00000002   Code   RO          668    .ARM.Collect$$libshutdown$$00000010  c_w.l(libshutdown2.o)
    0x00000978   0x00000978   0x00000000   Code   RO          355    .ARM.Collect$$rtentry$$00000000  c_w.l(__rtentry.o)
    0x00000978   0x00000978   0x00000000   Code   RO          456    .ARM.Collect$$rtentry$$00000002  c_w.l(__rtentry2.o)
    0x00000978   0x00000978   0x00000004   Code   RO          470    .ARM.Collect$$rtentry$$00000007  c_w.l(__rtentry7.o)
    0x0000097c   0x0000097c   0x00000000   Code   RO          458    .ARM.Collect$$rtentry$$00000009  c_w.l(__rtentry2.o)
    0x0000097c   0x0000097c   0x00000004   Code   RO          459    .ARM.Collect$$rtentry$$0000000A  c_w.l(__rtentry2.o)
    0x00000980   0x00000980   0x00000000   Code   RO          461    .ARM.Collect$$rtentry$$0000000C  c_w.l(__rtentry2.o)
    0x00000980   0x00000980   0x00000008   Code   RO          462    .ARM.Collect$$rtentry$$0000000D  c_w.l(__rtentry2.o)
    0x00000988   0x00000988   0x00000004   Code   RO          471    .ARM.Collect$$rtentry$$00002718  c_w.l(__rtentry7.o)
    0x0000098c   0x0000098c   0x00000002   Code   RO          556    .ARM.Collect$$rtexit$$00000000  c_w.l(rtexit.o)
    0x0000098e   0x0000098e   0x00000000   Code   RO          620    .ARM.Collect$$rtexit$$00000002  c_w.l(rtexit2.o)
    0x0000098e   0x0000098e   0x00000004   Code   RO          621    .ARM.Collect$$rtexit$$00000003  c_w.l(rtexit2.o)
    0x00000992   0x00000992   0x00000006   Code   RO          622    .ARM.Collect$$rtexit$$00000004  c_w.l(rtexit2.o)
    0x00000998   0x00000998   0x0000009c   Code   RO          324    .text               startup_s32k144.o
    0x00000a34   0x00000a34   0x00000040   Code   RO          349    .text               c_w.l(snprintf.o)
    0x00000a74   0x00000a74   0x00000058   Code   RO          351    .text               c_w.l(memcmp.o)
    0x00000acc   0x00000acc   0x0000004e   Code   RO          358    .text               c_w.l(_printf_pad.o)
    0x00000b1a   0x00000b1a   0x00000024   Code   RO          360    .text               c_w.l(_printf_truncate.o)
    0x00000b3e   0x00000b3e   0x00000052   Code   RO          362    .text               c_w.l(_printf_str.o)
    0x00000b90   0x00000b90   0x00000078   Code   RO          364    .text               c_w.l(_printf_dec.o)
    0x00000c08   0x00000c08   0x00000028   Code   RO          366    .text               c_w.l(_printf_charcount.o)
    0x00000c30   0x00000c30   0x00000030   Code   RO          368    .text               c_w.l(_printf_char_common.o)
    0x00000c60   0x00000c60   0x00000010   Code   RO          370    .text               c_w.l(_snputc.o)
    0x00000c70   0x00000c70   0x000000bc   Code   RO          372    .text               c_w.l(_printf_wctomb.o)
    0x00000d2c   0x00000d2c   0x0000007c   Code   RO          375    .text               c_w.l(_printf_longlong_dec.o)
    0x00000da8   0x00000da8   0x00000070   Code   RO          381    .text               c_w.l(_printf_oct_int_ll.o)
    0x00000e18   0x00000e18   0x00000094   Code   RO          401    .text               c_w.l(_printf_hex_int_ll_ptr.o)
    0x00000eac   0x00000eac   0x00000188   Code   RO          421    .text               c_w.l(__printf_flags_ss_wp.o)
    0x00001034   0x00001034   0x0000008a   Code   RO          475    .text               c_w.l(lludiv10.o)
    0x000010be   0x000010be   0x000000b2   Code   RO          477    .text               c_w.l(_printf_intcommon.o)
    0x00001170   0x00001170   0x0000041c   Code   RO          479    .text               c_w.l(_printf_fp_dec.o)
    0x0000158c   0x0000158c   0x000002fc   Code   RO          483    .text               c_w.l(_printf_fp_hex.o)
    0x00001888   0x00001888   0x0000002c   Code   RO          488    .text               c_w.l(_printf_char.o)
    0x000018b4   0x000018b4   0x0000002c   Code   RO          490    .text               c_w.l(_printf_wchar.o)
    0x000018e0   0x000018e0   0x00000048   Code   RO          493    .text               c_w.l(_c16rtomb.o)
    0x00001928   0x00001928   0x00000010   Code   RO          497    .text               c_w.l(rt_ctype_table.o)
    0x00001938   0x00001938   0x00000008   Code   RO          502    .text               c_w.l(rt_locale_intlibspace.o)
    0x00001940   0x00001940   0x00000080   Code   RO          504    .text               c_w.l(_printf_fp_infnan.o)
    0x000019c0   0x000019c0   0x000000e4   Code   RO          506    .text               c_w.l(bigflt0.o)
    0x00001aa4   0x00001aa4   0x00000012   Code   RO          536    .text               c_w.l(exit.o)
    0x00001ab6   0x00001ab6   0x00000002   PAD
    0x00001ab8   0x00001ab8   0x0000007c   Code   RO          563    .text               c_w.l(strcmpv7em.o)
    0x00001b34   0x00001b34   0x00000002   Code   RO          616    .text               c_w.l(use_no_semi.o)
    0x00001b36   0x00001b36   0x00000000   Code   RO          618    .text               c_w.l(indicate_semi.o)
    0x00001b36   0x00001b36   0x00000002   PAD
    0x00001b38   0x00001b38   0x0000000c   Code   RO          632    .text               c_w.l(sys_exit.o)
    0x00001b44   0x00001b44   0x0000001e   Code   RO          196    .text.GPIO_ResetOutputPin  gpio.o
    0x00001b62   0x00001b62   0x00000002   PAD
    0x00001b64   0x00001b64   0x0000001e   Code   RO          194    .text.GPIO_SetOutputPin  gpio.o
    0x00001b82   0x00001b82   0x00000002   PAD
    0x00001b84   0x00001b84   0x00000046   Code   RO          190    .text.Gpio_Init     gpio.o
    0x00001bca   0x00001bca   0x00000002   PAD
    0x00001bcc   0x00001bcc   0x0000006e   Code   RO          282    .text.LPI2C0_write  i2c.o
    0x00001c3a   0x00001c3a   0x00000002   PAD
    0x00001c3c   0x00001c3c   0x00000068   Code   RO            9    .text.LPUART1_RxTx_IRQHandler  main.o
    0x00001ca4   0x00001ca4   0x000000e8   Code   RO            7    .text.LPUART2_RxTx_IRQHandler  main.o
    0x00001d8c   0x00001d8c   0x0000003e   Code   RO          145    .text.LPUART_config_baud57600  lpuart.o
    0x00001dca   0x00001dca   0x00000002   PAD
    0x00001dcc   0x00001dcc   0x00000028   Code   RO          151    .text.LPUART_send_byte  lpuart.o
    0x00001df4   0x00001df4   0x00000030   Code   RO          153    .text.LPUART_send_string  lpuart.o
    0x00001e24   0x00001e24   0x00000028   Code   RO          249    .text.NVIC_EnableIRQ  nvic.o
    0x00001e4c   0x00001e4c   0x00000044   Code   RO          223    .text.NormalRUNmode_80MHz  clock.o
    0x00001e90   0x00001e90   0x00000012   Code   RO          112    .text.PCC_EnableClock  pcc.o
    0x00001ea2   0x00001ea2   0x00000002   PAD
    0x00001ea4   0x00001ea4   0x0000001c   Code   RO          116    .text.PCC_SetClockSource  pcc.o
    0x00001ec0   0x00001ec0   0x0000007a   Code   RO          133    .text.Port_Init     port_1.o
    0x00001f3a   0x00001f3a   0x00000002   PAD
    0x00001f3c   0x00001f3c   0x000000e6   Code   RO           11    .text.RTC_Seconds_IRQHandler  main.o
    0x00002022   0x00002022   0x00000002   PAD
    0x00002024   0x00002024   0x0000009c   Code   RO          308    .text.RTC_init      rtc.o
    0x000020c0   0x000020c0   0x00000072   Code   RO          219    .text.SOSC_init_8MHz  clock.o
    0x00002132   0x00002132   0x00000002   PAD
    0x00002134   0x00002134   0x00000092   Code   RO          221    .text.SPLL_init_160MHz  clock.o
    0x000021c6   0x000021c6   0x00000002   PAD
    0x000021c8   0x000021c8   0x0000009e   Code   RO          169    .text.SendStoreFinger  lpuart.o
    0x00002266   0x00002266   0x00000002   PAD
    0x00002268   0x00002268   0x00000012   Code   RO          236    .text.SysTick_Disable  systick.o
    0x0000227a   0x0000227a   0x00000002   PAD
    0x0000227c   0x0000227c   0x00000042   Code   RO          234    .text.SysTick_Init  systick.o
    0x000022be   0x000022be   0x00000002   PAD
    0x000022c0   0x000022c0   0x00000052   Code   RO          333    .text.SystemInit    system_s32k144.o
    0x00002312   0x00002312   0x00000002   PAD
    0x00002314   0x00002314   0x00000082   Code   RO          274    .text.bus_busy      i2c.o
    0x00002396   0x00002396   0x00000002   PAD
    0x00002398   0x00002398   0x0000007a   Code   RO           29    .text.check_but     main.o
    0x00002412   0x00002412   0x00000002   PAD
    0x00002414   0x00002414   0x00000086   Code   RO           33    .text.check_col     main.o
    0x0000249a   0x0000249a   0x00000002   PAD
    0x0000249c   0x0000249c   0x0000001c   Code   RO           51    .text.configA2      main.o
    0x000024b8   0x000024b8   0x0000001a   Code   RO           53    .text.configA3      main.o
    0x000024d2   0x000024d2   0x00000002   PAD
    0x000024d4   0x000024d4   0x0000001c   Code   RO           47    .text.configC6      main.o
    0x000024f0   0x000024f0   0x0000001c   Code   RO           49    .text.configC7      main.o
    0x0000250c   0x0000250c   0x00000030   Code   RO           61    .text.configD1      main.o
    0x0000253c   0x0000253c   0x00000032   Code   RO           59    .text.configD15     main.o
    0x0000256e   0x0000256e   0x00000002   PAD
    0x00002570   0x00002570   0x0000001c   Code   RO           57    .text.configD6      main.o
    0x0000258c   0x0000258c   0x0000001c   Code   RO           55    .text.configD7      main.o
    0x000025a8   0x000025a8   0x00000032   Code   RO           71    .text.config_PTC1   main.o
    0x000025da   0x000025da   0x00000002   PAD
    0x000025dc   0x000025dc   0x00000032   Code   RO           67    .text.config_PTC10  main.o
    0x0000260e   0x0000260e   0x00000002   PAD
    0x00002610   0x00002610   0x00000032   Code   RO           69    .text.config_PTC11  main.o
    0x00002642   0x00002642   0x00000002   PAD
    0x00002644   0x00002644   0x00000032   Code   RO           77    .text.config_PTC15  main.o
    0x00002676   0x00002676   0x00000002   PAD
    0x00002678   0x00002678   0x00000032   Code   RO           75    .text.config_PTC16  main.o
    0x000026aa   0x000026aa   0x00000002   PAD
    0x000026ac   0x000026ac   0x00000032   Code   RO           73    .text.config_PTC2   main.o
    0x000026de   0x000026de   0x00000002   PAD
    0x000026e0   0x000026e0   0x00000032   Code   RO           63    .text.config_PTC8   main.o
    0x00002712   0x00002712   0x00000002   PAD
    0x00002714   0x00002714   0x00000032   Code   RO           65    .text.config_PTC9   main.o
    0x00002746   0x00002746   0x00000002   PAD
    0x00002748   0x00002748   0x0000008c   Code   RO          238    .text.delay         systick.o
    0x000027d4   0x000027d4   0x00000052   Code   RO           13    .text.display_time  main.o
    0x00002826   0x00002826   0x00000002   PAD
    0x00002828   0x00002828   0x0000001c   Code   RO          276    .text.generate_start_ACK  i2c.o
    0x00002844   0x00002844   0x000000c4   Code   RO          280    .text.generate_stop  i2c.o
    0x00002908   0x00002908   0x0000006a   Code   RO           35    .text.get_key       main.o
    0x00002972   0x00002972   0x00000002   PAD
    0x00002974   0x00002974   0x000000d8   Code   RO           45    .text.handle_keytap  main.o
    0x00002a4c   0x00002a4c   0x0000030c   Code   RO           39    .text.import_finger_print  main.o
    0x00002d58   0x00002d58   0x00000078   Code   RO          272    .text.init_LPI2C0   i2c.o
    0x00002dd0   0x00002dd0   0x00000022   Code   RO           15    .text.init_clock    main.o
    0x00002df2   0x00002df2   0x00000002   PAD
    0x00002df4   0x00002df4   0x000000a0   Code   RO          316    .text.init_data_bss  startup.o
    0x00002e94   0x00002e94   0x0000003c   Code   RO           25    .text.init_flash    main.o
    0x00002ed0   0x00002ed0   0x0000005c   Code   RO           23    .text.init_lpuart   main.o
    0x00002f2c   0x00002f2c   0x00000016   Code   RO           17    .text.init_nvic     main.o
    0x00002f42   0x00002f42   0x00000002   PAD
    0x00002f44   0x00002f44   0x0000007c   Code   RO           19    .text.init_pcc      main.o
    0x00002fc0   0x00002fc0   0x00000044   Code   RO           21    .text.init_pinout   main.o
    0x00003004   0x00003004   0x0000001c   Code   RO           27    .text.init_systick  main.o
    0x00003020   0x00003020   0x00000ae8   Code   RO           43    .text.keytap_character_mode  main.o
    0x00003b08   0x00003b08   0x0000041a   Code   RO           41    .text.keytap_number_mode  main.o
    0x00003f22   0x00003f22   0x00000002   PAD
    0x00003f24   0x00003f24   0x00000034   Code   RO          292    .text.lcd_clear     i2c.o
    0x00003f58   0x00003f58   0x00000034   Code   RO          294    .text.lcd_clear_rtc  i2c.o
    0x00003f8c   0x00003f8c   0x00000094   Code   RO          296    .text.lcd_init      i2c.o
    0x00004020   0x00004020   0x00000048   Code   RO          290    .text.lcd_put_cur   i2c.o
    0x00004068   0x00004068   0x0000007a   Code   RO          286    .text.lcd_send_cmd  i2c.o
    0x000040e2   0x000040e2   0x00000002   PAD
    0x000040e4   0x000040e4   0x0000007a   Code   RO          288    .text.lcd_send_data  i2c.o
    0x0000415e   0x0000415e   0x00000002   PAD
    0x00004160   0x00004160   0x00000022   Code   RO          298    .text.lcd_send_string  i2c.o
    0x00004182   0x00004182   0x00000002   PAD
    0x00004184   0x00004184   0x00000094   Code   RO            5    .text.main          main.o
    0x00004218   0x00004218   0x0000008e   Code   RO           31    .text.scan_row      main.o
    0x000042a6   0x000042a6   0x00000002   PAD
    0x000042a8   0x000042a8   0x000001e0   Code   RO           37    .text.search_finger_print  main.o
    0x00004488   0x00004488   0x00000072   Code   RO          159    .text.sendFPCreateCharFile1  lpuart.o
    0x000044fa   0x000044fa   0x00000002   PAD
    0x000044fc   0x000044fc   0x00000072   Code   RO          161    .text.sendFPCreateCharFile2  lpuart.o
    0x0000456e   0x0000456e   0x00000002   PAD
    0x00004570   0x00004570   0x00000072   Code   RO          163    .text.sendFPCreateTemplate  lpuart.o
    0x000045e2   0x000045e2   0x00000002   PAD
    0x000045e4   0x000045e4   0x00000072   Code   RO          165    .text.sendFPDeleteAllFinger  lpuart.o
    0x00004656   0x00004656   0x00000002   PAD
    0x00004658   0x00004658   0x00000072   Code   RO          157    .text.sendFPGetImage  lpuart.o
    0x000046ca   0x000046ca   0x00000002   PAD
    0x000046cc   0x000046cc   0x0000003e   Code   RO          155    .text.sendFPHeader  lpuart.o
    0x0000470a   0x0000470a   0x00000002   PAD
    0x0000470c   0x0000470c   0x000000ba   Code   RO          167    .text.sendFPSearchFinger  lpuart.o
    0x000047c6   0x000047c6   0x00000002   PAD
    0x000047c8   0x000047c8   0x00000018   Code   RO          278    .text.transmit_data  i2c.o
    0x000047e0   0x000047e0   0x0000003e   Code   RO          509    CL$$btod_d2e        c_w.l(btod.o)
    0x0000481e   0x0000481e   0x00000046   Code   RO          511    CL$$btod_d2e_denorm_low  c_w.l(btod.o)
    0x00004864   0x00004864   0x00000060   Code   RO          510    CL$$btod_d2e_norm_op1  c_w.l(btod.o)
    0x000048c4   0x000048c4   0x00000338   Code   RO          519    CL$$btod_div_common  c_w.l(btod.o)
    0x00004bfc   0x00004bfc   0x000000dc   Code   RO          516    CL$$btod_e2e        c_w.l(btod.o)
    0x00004cd8   0x00004cd8   0x0000002a   Code   RO          513    CL$$btod_ediv       c_w.l(btod.o)
    0x00004d02   0x00004d02   0x0000002a   Code   RO          512    CL$$btod_emul       c_w.l(btod.o)
    0x00004d2c   0x00004d2c   0x00000244   Code   RO          518    CL$$btod_mult_common  c_w.l(btod.o)
    0x00004f70   0x00004f70   0x00000030   Code   RO          547    i.__ARM_fpclassify  m_wm.l(fpclassify.o)
    0x00004fa0   0x00004fa0   0x0000000e   Code   RO          414    i._is_digit         c_w.l(__printf_wp.o)
    0x00004fae   0x00004fae   0x00000002   PAD
    0x00004fb0   0x00004fb0   0x0000002c   Code   RO          534    locale$$code        c_w.l(lc_numeric_c.o)
    0x00004fdc   0x00004fdc   0x0000002c   Code   RO          561    locale$$code        c_w.l(lc_ctype_c.o)
    0x00005008   0x00005008   0x0000001a   Code   RO          630    x$fpl$fpinit        fz_wm.l(fpinit.o)
    0x00005022   0x00005022   0x00000004   Code   RO          447    x$fpl$printf1       fz_wm.l(printf1.o)
    0x00005026   0x00005026   0x00000004   Code   RO          449    x$fpl$printf2       fz_wm.l(printf2.o)
    0x0000502a   0x0000502a   0x00000000   Code   RO          546    x$fpl$usenofp       fz_wm.l(usenofp.o)
    0x0000502a   0x0000502a   0x00000002   PAD
    0x0000502c   0x0000502c   0x00000020   Data   RO          702    Region$$Table       anon$$obj.o


    Execution Region VECTOR_RAM (Exec base: 0x1fff8000, Load base: 0x00000230, Size: 0x00000400, Max: 0x00000400, ABSOLUTE)

    Exec Addr    Load Addr    Size         Type   Attr      Idx    E Section Name        Object

    0x1fff8000        -       0x00000400   Zero   RW            1    VECTOR_RAM.bss      anon$$obj.o


    Execution Region RW_m_data (Exec base: 0x1fff8400, Load base: 0x0000504c, Size: 0x00000034, Max: 0xffffffff, ABSOLUTE)

    Exec Addr    Load Addr    Size         Type   Attr      Idx    E Section Name        Object

    0x1fff8400   0x0000504c   0x00000007   Data   RW          175    .data.FPCreateCharFile1  lpuart.o
    0x1fff8407   0x00005053   0x00000007   Data   RW          176    .data.FPCreateCharFile2  lpuart.o
    0x1fff840e   0x0000505a   0x00000006   Data   RW          178    .data.FPCreateTemplate  lpuart.o
    0x1fff8414   0x00005060   0x00000006   Data   RW          179    .data.FPDeleteAllFinger  lpuart.o
    0x1fff841a   0x00005066   0x00000006   Data   RW          174    .data.FPGetImage    lpuart.o
    0x1fff8420   0x0000506c   0x00000006   Data   RW          173    .data.FPHeader      lpuart.o
    0x1fff8426   0x00005072   0x0000000b   Data   RW          180    .data.FPSearchFinger  lpuart.o
    0x1fff8431   0x0000507d   0x00000001   Data   RW           87    .data.base_hour     main.o
    0x1fff8432   0x0000507e   0x00000001   Data   RW           88    .data.base_minute   main.o
    0x1fff8433   0x0000507f   0x00000001   Data   RW           80    .data.finger_mode   main.o


    Execution Region RW_m_code (Exec base: 0x1fff8434, Load base: 0x00005080, Size: 0x00000000, Max: 0x00007c00, ABSOLUTE)

    **** No section assigned to this execution region ****


    Execution Region RW_m_custom_section (Exec base: 0x20000000, Load base: 0x00005080, Size: 0x00000000, Max: 0xffffffff, ABSOLUTE)

    **** No section assigned to this execution region ****


    Execution Region RW_m_data_2 (Exec base: 0x20000000, Load base: 0x00005080, Size: 0x000006e8, Max: 0x00006800, ABSOLUTE)

    Exec Addr    Load Addr    Size         Type   Attr      Idx    E Section Name        Object

    0x20000000        -       0x00000060   Zero   RW          550    .bss                c_w.l(libspace.o)
    0x20000060        -       0x00000001   Zero   RW           86    .bss.IDStore        main.o
    0x20000061        -       0x00000014   Zero   RW           81    .bss.LPUART2_RxTx_IRQHandler.buffer  main.o
    0x20000075        -       0x00000001   Zero   RW           82    .bss.LPUART2_RxTx_IRQHandler.buffer_index  main.o
    0x20000076        -       0x00000001   Zero   RW          100    .bss.MODE           main.o
    0x20000077        -       0x00000001   Zero   RW           89    .bss.base_second    main.o
    0x20000078        -       0x00000001   Zero   RW          101    .bss.button_press_count  main.o
    0x20000079        -       0x00000001   Zero   RW           99    .bss.cursor_position  main.o
    0x2000007a        -       0x00000010   Zero   RW           84    .bss.data_ack       main.o
    0x2000008a        -       0x00000001   Zero   RW           85    .bss.data_ack_index  main.o
    0x2000008b        -       0x00000001   Zero   RW          300    .bss.error          i2c.o
    0x2000008c        -       0x00000004   Zero   RW           95    .bss.hour           main.o
    0x20000090        -       0x00000004   Zero   RW           93    .bss.minute         main.o
    0x20000094        -       0x00000640   Zero   RW           97    .bss.name_user      main.o
    0x200006d4        -       0x00000004   Zero   RW           91    .bss.second         main.o
    0x200006d8        -       0x00000004   Zero   RW           94    .bss.totalHours     main.o
    0x200006dc        -       0x00000004   Zero   RW           92    .bss.totalMinutes   main.o
    0x200006e0        -       0x00000004   Zero   RW           90    .bss.totalSeconds   main.o
    0x200006e4        -       0x00000001   Zero   RW           79    .bss.value          main.o


    Execution Region ARM_LIB_HEAP (Exec base: 0x200006e8, Load base: 0x00005080, Size: 0x00000400, Max: 0x00000400, ABSOLUTE)

    Exec Addr    Load Addr    Size         Type   Attr      Idx    E Section Name        Object

    0x200006e8        -       0x00000400   Zero   RW            2    ARM_LIB_HEAP.bss    anon$$obj.o


    Execution Region ARM_LIB_STACK (Exec base: 0x20006c00, Load base: 0x00005080, Size: 0x00000400, Max: 0x00000400, ABSOLUTE)

    Exec Addr    Load Addr    Size         Type   Attr      Idx    E Section Name        Object

    0x20006c00        -       0x00000400   Zero   RW            3    ARM_LIB_STACK.bss   anon$$obj.o


==============================================================================

Image component sizes


      Code (inc. data)   RO Data    RW Data    ZI Data      Debug   Object Name

       328          0          0          0          0       6554   clock.o
       130          0          0          0          0       1617   gpio.o
      1210          0          0          0          1       8759   i2c.o
      1126          0          0         49          0       8904   lpuart.o
      7710         68        480          3       1668      23625   main.o
        40          0          0          0          0       1872   nvic.o
        46          0          0          0          0       1251   pcc.o
       122          0          0          0          0       1687   port_1.o
       156          0          0          0          0        674   rtc.o
       160          0          4          0          0       1070   startup.o
       156        106        576          0          0        900   startup_s32k144.o
        82          0          0          0          0       2841   system_s32k144.o
       224          0          0          0          0       1725   systick.o

    ----------------------------------------------------------------------
     11576        174       1096         52       4744      61479   Object Totals
         0          0         32          0       3072          0   (incl. Generated)
        86          0          4          0          3          0   (incl. Padding)

    ----------------------------------------------------------------------

      Code (inc. data)   RO Data    RW Data    ZI Data      Debug   Library Member Name

         8          0          0          0          0         68   __main.o
       392          4         17          0          0         92   __printf_flags_ss_wp.o
        14          0          0          0          0         68   __printf_wp.o
         0          0          0          0          0          0   __rtentry.o
        12          0          0          0          0          0   __rtentry2.o
         8          4          0          0          0          0   __rtentry7.o
        94          8          0          0          0          0   __scatter.o
        26          0          0          0          0          0   __scatter_copy.o
        28          0          0          0          0          0   __scatter_zi.o
        72          0          0          0          0         96   _c16rtomb.o
         6          0          0          0          0          0   _printf_a.o
         6          0          0          0          0          0   _printf_c.o
        44          0          0          0          0        108   _printf_char.o
        48          6          0          0          0         96   _printf_char_common.o
        40          0          0          0          0         68   _printf_charcount.o
         6          0          0          0          0          0   _printf_d.o
       120         16          0          0          0         92   _printf_dec.o
         6          0          0          0          0          0   _printf_e.o
         6          0          0          0          0          0   _printf_f.o
      1052          0          0          0          0        148   _printf_fp_dec.o
       764          8         38          0          0        100   _printf_fp_hex.o
       128         16          0          0          0         84   _printf_fp_infnan.o
         6          0          0          0          0          0   _printf_g.o
       148          4         40          0          0        160   _printf_hex_int_ll_ptr.o
         6          0          0          0          0          0   _printf_i.o
       178          0          0          0          0         88   _printf_intcommon.o
        10          0          0          0          0          0   _printf_l.o
         6          0          0          0          0          0   _printf_lc.o
        10          0          0          0          0          0   _printf_ll.o
         6          0          0          0          0          0   _printf_lld.o
         6          0          0          0          0          0   _printf_lli.o
         6          0          0          0          0          0   _printf_llo.o
         6          0          0          0          0          0   _printf_llu.o
         6          0          0          0          0          0   _printf_llx.o
       124         16          0          0          0         92   _printf_longlong_dec.o
         6          0          0          0          0          0   _printf_ls.o
         6          0          0          0          0          0   _printf_n.o
         6          0          0          0          0          0   _printf_o.o
       112          8          0          0          0        124   _printf_oct_int_ll.o
         6          0          0          0          0          0   _printf_p.o
        78          0          0          0          0        108   _printf_pad.o
         0          0          0          0          0          0   _printf_percent.o
         4          0          0          0          0          0   _printf_percent_end.o
         6          0          0          0          0          0   _printf_s.o
        82          0          0          0          0         80   _printf_str.o
        36          0          0          0          0         84   _printf_truncate.o
         6          0          0          0          0          0   _printf_u.o
        44          0          0          0          0        108   _printf_wchar.o
       188          6          8          0          0         92   _printf_wctomb.o
         6          0          0          0          0          0   _printf_x.o
        16          0          0          0          0         68   _snputc.o
       228          4        148          0          0         96   bigflt0.o
      1936        128          0          0          0        668   btod.o
        18          0          0          0          0         80   exit.o
         0          0          0          0          0          0   indicate_semi.o
        44         10        272          0          0         76   lc_ctype_c.o
        44         10         28          0          0         76   lc_numeric_c.o
         2          0          0          0          0          0   libinit.o
        34          0          0          0          0          0   libinit2.o
         2          0          0          0          0          0   libshutdown.o
         2          0          0          0          0          0   libshutdown2.o
         0          0          0          0         96          0   libspace.o
       138          0          0          0          0         80   lludiv10.o
        88          0          0          0          0         76   memcmp.o
        16          4          0          0          0         76   rt_ctype_table.o
         8          4          0          0          0         68   rt_locale_intlibspace.o
         2          0          0          0          0          0   rtexit.o
        10          0          0          0          0          0   rtexit2.o
        64          6          0          0          0         84   snprintf.o
       124          0          0          0          0         88   strcmpv7em.o
        12          4          0          0          0         68   sys_exit.o
         2          0          0          0          0         68   use_no_semi.o
        26          0          0          0          0        116   fpinit.o
         4          0          0          0          0        116   printf1.o
         4          0          0          0          0        116   printf2.o
         0          0          0          0          0          0   usenofp.o
        48          0          0          0          0        124   fpclassify.o

    ----------------------------------------------------------------------
      6868        266        552          0         96       4100   Library Totals
        12          0          1          0          0          0   (incl. Padding)

    ----------------------------------------------------------------------

      Code (inc. data)   RO Data    RW Data    ZI Data      Debug   Library Name

      6774        266        551          0         96       3628   c_w.l
        34          0          0          0          0        348   fz_wm.l
        48          0          0          0          0        124   m_wm.l

    ----------------------------------------------------------------------
      6868        266        552          0         96       4100   Library Totals

    ----------------------------------------------------------------------

==============================================================================


      Code (inc. data)   RO Data    RW Data    ZI Data      Debug   

     18444        440       1648         52       4840      63303   Grand Totals
     18444        440       1648         52       4840      63303   ELF Image Totals
     18444        440       1648         52          0          0   ROM Totals

==============================================================================

    Total RO  Size (Code + RO Data)                20092 (  19.62kB)
    Total RW  Size (RW Data + ZI Data)              4892 (   4.78kB)
    Total ROM Size (Code + RO Data + RW Data)      20144 (  19.67kB)

==============================================================================

